Component: ARM Compiler 5.06 update 5 (build 528) Tool: armlink [4d35e2]

==============================================================================

Section Cross References

    startup_stm32f411xe.o(RESET) refers to startup_stm32f411xe.o(STACK) for __initial_sp
    startup_stm32f411xe.o(RESET) refers to startup_stm32f411xe.o(.text) for Reset_Handler
    startup_stm32f411xe.o(RESET) refers to stm32f4xx_it.o(i.SysTick_Handler) for SysTick_Handler
    startup_stm32f411xe.o(RESET) refers to stm32f4xx_it.o(i.SPI2_IRQHandler) for SPI2_IRQHandler
    startup_stm32f411xe.o(RESET) refers to stm32f4xx_it.o(i.USART6_IRQHandler) for USART6_IRQHandler
    startup_stm32f411xe.o(.text) refers to system_stm32f4xx.o(i.SystemInit) for SystemInit
    startup_stm32f411xe.o(.text) refers to entry.o(.ARM.Collect$$$$00000000) for __main
    system_stm32f4xx.o(i.SystemCoreClockUpdate) refers to system_stm32f4xx.o(.data) for .data
    system_stm32f4xx.o(i.SystemCoreClockUpdate) refers to system_stm32f4xx.o(.constdata) for .constdata
    stm32f4xx_hal_msp.o(i.HAL_MspInit) refers to stm32f4xx_hal_cortex.o(i.HAL_NVIC_SetPriorityGrouping) for HAL_NVIC_SetPriorityGrouping
    stm32f4xx_hal_msp.o(i.HAL_MspInit) refers to stm32f4xx_hal_cortex.o(i.HAL_NVIC_SetPriority) for HAL_NVIC_SetPriority
    stm32f4xx_hal_msp.o(i.HAL_SPI_MspDeInit) refers to stm32f4xx_hal_gpio.o(i.HAL_GPIO_DeInit) for HAL_GPIO_DeInit
    stm32f4xx_hal_msp.o(i.HAL_SPI_MspDeInit) refers to stm32f4xx_hal_cortex.o(i.HAL_NVIC_DisableIRQ) for HAL_NVIC_DisableIRQ
    stm32f4xx_hal_msp.o(i.HAL_SPI_MspInit) refers to stm32f4xx_hal_gpio.o(i.HAL_GPIO_Init) for HAL_GPIO_Init
    stm32f4xx_hal_msp.o(i.HAL_SPI_MspInit) refers to stm32f4xx_hal_cortex.o(i.HAL_NVIC_SetPriority) for HAL_NVIC_SetPriority
    stm32f4xx_hal_msp.o(i.HAL_SPI_MspInit) refers to stm32f4xx_hal_cortex.o(i.HAL_NVIC_EnableIRQ) for HAL_NVIC_EnableIRQ
    stm32f4xx_hal_msp.o(i.HAL_UART_MspDeInit) refers to stm32f4xx_hal_gpio.o(i.HAL_GPIO_DeInit) for HAL_GPIO_DeInit
    stm32f4xx_hal_msp.o(i.HAL_UART_MspDeInit) refers to stm32f4xx_hal_cortex.o(i.HAL_NVIC_DisableIRQ) for HAL_NVIC_DisableIRQ
    stm32f4xx_hal_msp.o(i.HAL_UART_MspInit) refers to stm32f4xx_hal_gpio.o(i.HAL_GPIO_Init) for HAL_GPIO_Init
    stm32f4xx_hal_msp.o(i.HAL_UART_MspInit) refers to stm32f4xx_hal_cortex.o(i.HAL_NVIC_SetPriority) for HAL_NVIC_SetPriority
    stm32f4xx_hal_msp.o(i.HAL_UART_MspInit) refers to stm32f4xx_hal_cortex.o(i.HAL_NVIC_EnableIRQ) for HAL_NVIC_EnableIRQ
    stm32f4xx_it.o(i.SPI2_IRQHandler) refers to stm32f4xx_hal_spi.o(i.HAL_SPI_IRQHandler) for HAL_SPI_IRQHandler
    stm32f4xx_it.o(i.SPI2_IRQHandler) refers to main.o(.bss) for hspi2
    stm32f4xx_it.o(i.SysTick_Handler) refers to stm32f4xx_hal.o(i.HAL_IncTick) for HAL_IncTick
    stm32f4xx_it.o(i.SysTick_Handler) refers to stm32f4xx_hal_cortex.o(i.HAL_SYSTICK_IRQHandler) for HAL_SYSTICK_IRQHandler
    stm32f4xx_it.o(i.USART6_IRQHandler) refers to stm32f4xx_hal_uart.o(i.HAL_UART_IRQHandler) for HAL_UART_IRQHandler
    stm32f4xx_it.o(i.USART6_IRQHandler) refers to main.o(.bss) for huart6
    main.o(i.MX_GPIO_Init) refers to stm32f4xx_hal_gpio.o(i.HAL_GPIO_WritePin) for HAL_GPIO_WritePin
    main.o(i.MX_GPIO_Init) refers to stm32f4xx_hal_gpio.o(i.HAL_GPIO_Init) for HAL_GPIO_Init
    main.o(i.MX_SPI2_Init) refers to stm32f4xx_hal_spi.o(i.HAL_SPI_Init) for HAL_SPI_Init
    main.o(i.MX_SPI2_Init) refers to main.o(.bss) for .bss
    main.o(i.SystemClock_Config) refers to stm32f4xx_hal_rcc.o(i.HAL_RCC_OscConfig) for HAL_RCC_OscConfig
    main.o(i.SystemClock_Config) refers to stm32f4xx_hal_rcc.o(i.HAL_RCC_ClockConfig) for HAL_RCC_ClockConfig
    main.o(i.SystemClock_Config) refers to stm32f4xx_hal_rcc.o(i.HAL_RCC_GetHCLKFreq) for HAL_RCC_GetHCLKFreq
    main.o(i.SystemClock_Config) refers to stm32f4xx_hal_cortex.o(i.HAL_SYSTICK_Config) for HAL_SYSTICK_Config
    main.o(i.SystemClock_Config) refers to stm32f4xx_hal_cortex.o(i.HAL_SYSTICK_CLKSourceConfig) for HAL_SYSTICK_CLKSourceConfig
    main.o(i.SystemClock_Config) refers to stm32f4xx_hal_cortex.o(i.HAL_NVIC_SetPriority) for HAL_NVIC_SetPriority
    main.o(i.cs_desel) refers to stm32f4xx_hal_gpio.o(i.HAL_GPIO_WritePin) for HAL_GPIO_WritePin
    main.o(i.cs_sel) refers to stm32f4xx_hal_gpio.o(i.HAL_GPIO_WritePin) for HAL_GPIO_WritePin
    main.o(i.main) refers to stm32f4xx_hal.o(i.HAL_Init) for HAL_Init
    main.o(i.main) refers to main.o(i.SystemClock_Config) for SystemClock_Config
    main.o(i.main) refers to main.o(i.MX_GPIO_Init) for MX_GPIO_Init
    main.o(i.main) refers to stm32f4xx_hal_uart.o(i.HAL_UART_Init) for HAL_UART_Init
    main.o(i.main) refers to main.o(i.MX_SPI2_Init) for MX_SPI2_Init
    main.o(i.main) refers to wizchip_conf.o(i.reg_wizchip_cs_cbfunc) for reg_wizchip_cs_cbfunc
    main.o(i.main) refers to wizchip_conf.o(i.reg_wizchip_spi_cbfunc) for reg_wizchip_spi_cbfunc
    main.o(i.main) refers to wizchip_conf.o(i.wizchip_init) for wizchip_init
[...]
    stm32f4xx_hal_spi.o(i.SPI_2linesTxISR_8BIT) refers to stm32f4xx_hal_spi.o(i.SPI_CloseRxTx_ISR) for SPI_CloseRxTx_ISR
    stm32f4xx_hal_spi.o(i.SPI_AbortRx_ISR) refers to system_stm32f4xx.o(.data) for SystemCoreClock
    stm32f4xx_hal_spi.o(i.SPI_CheckFlag_BSY) refers to stm32f4xx_hal_spi.o(i.SPI_WaitFlagStateUntilTimeout) for SPI_WaitFlagStateUntilTimeout
    stm32f4xx_hal_spi.o(i.SPI_CloseRxTx_ISR) refers to stm32f4xx_hal.o(i.HAL_GetTick) for HAL_GetTick
    stm32f4xx_hal_spi.o(i.SPI_CloseRxTx_ISR) refers to stm32f4xx_hal_spi.o(i.SPI_CheckFlag_BSY) for SPI_CheckFlag_BSY
    stm32f4xx_hal_spi.o(i.SPI_CloseRxTx_ISR) refers to stm32f4xx_hal_spi.o(i.HAL_SPI_ErrorCallback) for HAL_SPI_ErrorCallback
    stm32f4xx_hal_spi.o(i.SPI_CloseRxTx_ISR) refers to stm32f4xx_hal_spi.o(i.HAL_SPI_TxRxCpltCallback) for HAL_SPI_TxRxCpltCallback
    stm32f4xx_hal_spi.o(i.SPI_CloseRxTx_ISR) refers to stm32f4xx_hal_spi.o(i.HAL_SPI_RxCpltCallback) for HAL_SPI_RxCpltCallback
    stm32f4xx_hal_spi.o(i.SPI_CloseRxTx_ISR) refers to system_stm32f4xx.o(.data) for SystemCoreClock
    stm32f4xx_hal_spi.o(i.SPI_CloseRx_ISR) refers to stm32f4xx_hal_spi.o(i.HAL_SPI_ErrorCallback) for HAL_SPI_ErrorCallback
    stm32f4xx_hal_spi.o(i.SPI_CloseRx_ISR) refers to stm32f4xx_hal_spi.o(i.HAL_SPI_RxCpltCallback) for HAL_SPI_RxCpltCallback
    stm32f4xx_hal_spi.o(i.SPI_CloseTx_ISR) refers to stm32f4xx_hal.o(i.HAL_GetTick) for HAL_GetTick
    stm32f4xx_hal_spi.o(i.SPI_CloseTx_ISR) refers to stm32f4xx_hal_spi.o(i.SPI_CheckFlag_BSY) for SPI_CheckFlag_BSY
    stm32f4xx_hal_spi.o(i.SPI_CloseTx_ISR) refers to stm32f4xx_hal_spi.o(i.HAL_SPI_ErrorCallback) for HAL_SPI_ErrorCallback
    stm32f4xx_hal_spi.o(i.SPI_CloseTx_ISR) refers to stm32f4xx_hal_spi.o(i.HAL_SPI_TxCpltCallback) for HAL_SPI_TxCpltCallback
    stm32f4xx_hal_spi.o(i.SPI_CloseTx_ISR) refers to system_stm32f4xx.o(.data) for SystemCoreClock
    stm32f4xx_hal_spi.o(i.SPI_DMAAbortOnError) refers to stm32f4xx_hal_spi.o(i.HAL_SPI_ErrorCallback) for HAL_SPI_ErrorCallback
    stm32f4xx_hal_spi.o(i.SPI_DMAError) refers to stm32f4xx_hal_spi.o(i.HAL_SPI_ErrorCallback) for HAL_SPI_ErrorCallback
    stm32f4xx_hal_spi.o(i.SPI_DMAHalfReceiveCplt) refers to stm32f4xx_hal_spi.o(i.HAL_SPI_RxHalfCpltCallback) for HAL_SPI_RxHalfCpltCallback
    stm32f4xx_hal_spi.o(i.SPI_DMAHalfTransmitCplt) refers to stm32f4xx_hal_spi.o(i.HAL_SPI_TxHalfCpltCallback) for HAL_SPI_TxHalfCpltCallback
    stm32f4xx_hal_spi.o(i.SPI_DMAHalfTransmitReceiveCplt) refers to stm32f4xx_hal_spi.o(i.HAL_SPI_TxRxHalfCpltCallback) for HAL_SPI_TxRxHalfCpltCallback
    stm32f4xx_hal_spi.o(i.SPI_DMAReceiveCplt) refers to stm32f4xx_hal_spi.o(i.HAL_SPI_ErrorCallback) for HAL_SPI_ErrorCallback
    stm32f4xx_hal_spi.o(i.SPI_DMAReceiveCplt) refers to stm32f4xx_hal_spi.o(i.HAL_SPI_RxCpltCallback) for HAL_SPI_RxCpltCallback
    stm32f4xx_hal_spi.o(i.SPI_DMARxAbortCallback) refers to stm32f4xx_hal_spi.o(i.HAL_SPI_AbortCpltCallback) for HAL_SPI_AbortCpltCallback
    stm32f4xx_hal_spi.o(i.SPI_DMATransmitCplt) refers to stm32f4xx_hal.o(i.HAL_GetTick) for HAL_GetTick
    stm32f4xx_hal_spi.o(i.SPI_DMATransmitCplt) refers to stm32f4xx_hal_spi.o(i.SPI_CheckFlag_BSY) for SPI_CheckFlag_BSY
    stm32f4xx_hal_spi.o(i.SPI_DMATransmitCplt) refers to stm32f4xx_hal_spi.o(i.HAL_SPI_ErrorCallback) for HAL_SPI_ErrorCallback
    stm32f4xx_hal_spi.o(i.SPI_DMATransmitCplt) refers to stm32f4xx_hal_spi.o(i.HAL_SPI_TxCpltCallback) for HAL_SPI_TxCpltCallback
    stm32f4xx_hal_spi.o(i.SPI_DMATransmitReceiveCplt) refers to stm32f4xx_hal.o(i.HAL_GetTick) for HAL_GetTick
    stm32f4xx_hal_spi.o(i.SPI_DMATransmitReceiveCplt) refers to stm32f4xx_hal_spi.o(i.SPI_CheckFlag_BSY) for SPI_CheckFlag_BSY
    stm32f4xx_hal_spi.o(i.SPI_DMATransmitReceiveCplt) refers to stm32f4xx_hal_spi.o(i.HAL_SPI_ErrorCallback) for HAL_SPI_ErrorCallback
    stm32f4xx_hal_spi.o(i.SPI_DMATransmitReceiveCplt) refers to stm32f4xx_hal_spi.o(i.HAL_SPI_TxRxCpltCallback) for HAL_SPI_TxRxCpltCallback
    stm32f4xx_hal_spi.o(i.SPI_DMATxAbortCallback) refers to stm32f4xx_hal_spi.o(i.HAL_SPI_AbortCpltCallback) for HAL_SPI_AbortCpltCallback
    stm32f4xx_hal_spi.o(i.SPI_DMATxAbortCallback) refers to system_stm32f4xx.o(.data) for SystemCoreClock
    stm32f4xx_hal_spi.o(i.SPI_RxISR_16BIT) refers to stm32f4xx_hal_spi.o(i.SPI_CloseRx_ISR) for SPI_CloseRx_ISR
    stm32f4xx_hal_spi.o(i.SPI_RxISR_8BIT) refers to stm32f4xx_hal_spi.o(i.SPI_CloseRx_ISR) for SPI_CloseRx_ISR
    stm32f4xx_hal_spi.o(i.SPI_TxISR_16BIT) refers to stm32f4xx_hal_spi.o(i.SPI_CloseTx_ISR) for SPI_CloseTx_ISR
    stm32f4xx_hal_spi.o(i.SPI_TxISR_8BIT) refers to stm32f4xx_hal_spi.o(i.SPI_CloseTx_ISR) for SPI_CloseTx_ISR
    stm32f4xx_hal_spi.o(i.SPI_WaitFlagStateUntilTimeout) refers to stm32f4xx_hal.o(i.HAL_GetTick) for HAL_GetTick
    stm32f4xx_hal.o(i.HAL_DeInit) refers to stm32f4xx_hal.o(i.HAL_MspDeInit) for HAL_MspDeInit
    stm32f4xx_hal.o(i.HAL_Delay) refers to stm32f4xx_hal.o(i.HAL_GetTick) for HAL_GetTick
    stm32f4xx_hal.o(i.HAL_GetTick) refers to stm32f4xx_hal.o(.data) for .data
    stm32f4xx_hal.o(i.HAL_IncTick) refers to stm32f4xx_hal.o(.data) for .data
    stm32f4xx_hal.o(i.HAL_Init) refers to stm32f4xx_hal_cortex.o(i.HAL_NVIC_SetPriorityGrouping) for HAL_NVIC_SetPriorityGrouping
    stm32f4xx_hal.o(i.HAL_Init) refers to stm32f4xx_hal.o(i.HAL_InitTick) for HAL_InitTick
    stm32f4xx_hal.o(i.HAL_Init) refers to stm32f4xx_hal_msp.o(i.HAL_MspInit) for HAL_MspInit
    stm32f4xx_hal.o(i.HAL_InitTick) refers to stm32f4xx_hal_cortex.o(i.HAL_SYSTICK_Config) for HAL_SYSTICK_Config
    stm32f4xx_hal.o(i.HAL_InitTick) refers to stm32f4xx_hal_cortex.o(i.HAL_NVIC_SetPriority) for HAL_NVIC_SetPriority
    stm32f4xx_hal.o(i.HAL_InitTick) refers to system_stm32f4xx.o(.data) for SystemCoreClock
    socket.o(i.close) refers to w5100.o(i.WIZCHIP_WRITE) for WIZCHIP_WRITE
    socket.o(i.close) refers to w5100.o(i.WIZCHIP_READ) for WIZCHIP_READ
    socket.o(i.close) refers to socket.o(.data) for .data
    socket.o(i.connect) refers to w5100.o(i.WIZCHIP_READ) for WIZCHIP_READ
    socket.o(i.connect) refers to w5100.o(i.WIZCHIP_WRITE_BUF) for WIZCHIP_WRITE_BUF
    socket.o(i.connect) refers to w5100.o(i.WIZCHIP_WRITE) for WIZCHIP_WRITE
    socket.o(i.connect) refers to socket.o(.data) for .data
    socket.o(i.ctlsocket) refers to w5100.o(i.WIZCHIP_READ) for WIZCHIP_READ
    socket.o(i.ctlsocket) refers to w5100.o(i.WIZCHIP_WRITE) for WIZCHIP_WRITE
    socket.o(i.ctlsocket) refers to socket.o(.data) for .data
    socket.o(i.disconnect) refers to w5100.o(i.WIZCHIP_READ) for WIZCHIP_READ
    socket.o(i.disconnect) refers to w5100.o(i.WIZCHIP_WRITE) for WIZCHIP_WRITE
    socket.o(i.disconnect) refers to socket.o(i.close) for close
    socket.o(i.disconnect) refers to socket.o(.data) for .data
    socket.o(i.getsockopt) refers to w5100.o(i.WIZCHIP_READ) for WIZCHIP_READ
    socket.o(i.getsockopt) refers to w5100.o(i.WIZCHIP_READ_BUF) for WIZCHIP_READ_BUF
    socket.o(i.getsockopt) refers to w5100.o(i.getSn_TX_FSR) for getSn_TX_FSR
    socket.o(i.getsockopt) refers to w5100.o(i.getSn_RX_RSR) for getSn_RX_RSR
    socket.o(i.getsockopt) refers to socket.o(.data) for .data
    socket.o(i.listen) refers to w5100.o(i.WIZCHIP_READ) for WIZCHIP_READ
    socket.o(i.listen) refers to w5100.o(i.WIZCHIP_WRITE) for WIZCHIP_WRITE
    socket.o(i.listen) refers to socket.o(i.close) for close
    socket.o(i.recv) refers to w5100.o(i.WIZCHIP_READ) for WIZCHIP_READ
    socket.o(i.recv) refers to w5100.o(i.getSn_RX_RSR) for getSn_RX_RSR
    socket.o(i.recv) refers to w5100.o(i.getSn_TX_FSR) for getSn_TX_FSR
    socket.o(i.recv) refers to socket.o(i.close) for close
    socket.o(i.recv) refers to w5100.o(i.wiz_recv_data) for wiz_recv_data
    socket.o(i.recv) refers to w5100.o(i.WIZCHIP_WRITE) for WIZCHIP_WRITE
    socket.o(i.recv) refers to socket.o(.data) for .data
    socket.o(i.recvfrom) refers to w5100.o(i.WIZCHIP_READ) for WIZCHIP_READ
    socket.o(i.recvfrom) refers to w5100.o(i.getSn_RX_RSR) for getSn_RX_RSR
    socket.o(i.recvfrom) refers to w5100.o(i.wiz_recv_ignore) for wiz_recv_ignore
    socket.o(i.recvfrom) refers to w5100.o(i.WIZCHIP_WRITE) for WIZCHIP_WRITE
    socket.o(i.recvfrom) refers to w5100.o(i.wiz_recv_data) for wiz_recv_data
    socket.o(i.recvfrom) refers to socket.o(i.close) for close
    socket.o(i.recvfrom) refers to socket.o(.data) for .data
    socket.o(i.send) refers to w5100.o(i.WIZCHIP_READ) for WIZCHIP_READ
    socket.o(i.send) refers to w5100.o(i.WIZCHIP_WRITE) for WIZCHIP_WRITE
    socket.o(i.send) refers to w5100.o(i.getSn_TX_FSR) for getSn_TX_FSR
    socket.o(i.send) refers to socket.o(i.close) for close
    socket.o(i.send) refers to w5100.o(i.wiz_send_data) for wiz_send_data
    socket.o(i.send) refers to socket.o(.data) for .data
    socket.o(i.sendto) refers to w5100.o(i.WIZCHIP_READ) for WIZCHIP_READ
    socket.o(i.sendto) refers to w5100.o(i.WIZCHIP_WRITE_BUF) for WIZCHIP_WRITE_BUF
    socket.o(i.sendto) refers to w5100.o(i.WIZCHIP_WRITE) for WIZCHIP_WRITE
    socket.o(i.sendto) refers to w5100.o(i.getSn_TX_FSR) for getSn_TX_FSR
    socket.o(i.sendto) refers to w5100.o(i.wiz_send_data) for wiz_send_data
    socket.o(i.sendto) refers to w5100.o(i.WIZCHIP_READ_BUF) for WIZCHIP_READ_BUF
    socket.o(i.sendto) refers to socket.o(.data) for .data
    socket.o(i.setsockopt) refers to w5100.o(i.WIZCHIP_WRITE) for WIZCHIP_WRITE
    socket.o(i.setsockopt) refers to w5100.o(i.WIZCHIP_WRITE_BUF) for WIZCHIP_WRITE_BUF
    socket.o(i.socket) refers to w5100.o(i.WIZCHIP_READ_BUF) for WIZCHIP_READ_BUF
    socket.o(i.socket) refers to socket.o(i.close) for close
    socket.o(i.socket) refers to w5100.o(i.WIZCHIP_WRITE) for WIZCHIP_WRITE
    socket.o(i.socket) refers to w5100.o(i.WIZCHIP_READ) for WIZCHIP_READ
    socket.o(i.socket) refers to socket.o(.data) for .data
    wizchip_conf.o(i.ctlnetwork) refers to wizchip_conf.o(i.wizchip_setnetinfo) for wizchip_setnetinfo
    wizchip_conf.o(i.ctlnetwork) refers to wizchip_conf.o(i.wizchip_getnetinfo) for wizchip_getnetinfo
    wizchip_conf.o(i.ctlnetwork) refers to wizchip_conf.o(i.wizchip_setnetmode) for wizchip_setnetmode
    wizchip_conf.o(i.ctlnetwork) refers to wizchip_conf.o(i.wizchip_getnetmode) for wizchip_getnetmode
    wizchip_conf.o(i.ctlnetwork) refers to wizchip_conf.o(i.wizchip_settimeout) for wizchip_settimeout
    wizchip_conf.o(i.ctlnetwork) refers to wizchip_conf.o(i.wizchip_gettimeout) for wizchip_gettimeout
    wizchip_conf.o(i.ctlwizchip) refers to wizchip_conf.o(i.wizchip_sw_reset) for wizchip_sw_reset
    wizchip_conf.o(i.ctlwizchip) refers to wizchip_conf.o(i.wizchip_init) for wizchip_init
    wizchip_conf.o(i.ctlwizchip) refers to wizchip_conf.o(i.wizchip_clrinterrupt) for wizchip_clrinterrupt
    wizchip_conf.o(i.ctlwizchip) refers to wizchip_conf.o(i.wizchip_getinterrupt) for wizchip_getinterrupt
    wizchip_conf.o(i.ctlwizchip) refers to wizchip_conf.o(i.wizchip_setinterruptmask) for wizchip_setinterruptmask
    wizchip_conf.o(i.ctlwizchip) refers to wizchip_conf.o(i.wizchip_getinterruptmask) for wizchip_getinterruptmask
    wizchip_conf.o(i.ctlwizchip) refers to wizchip_conf.o(.data) for .data
    wizchip_conf.o(i.reg_wizchip_bus_cbfunc) refers to wizchip_conf.o(.data) for .data
    wizchip_conf.o(i.reg_wizchip_bus_cbfunc) refers to wizchip_conf.o(i.wizchip_bus_readdata) for wizchip_bus_readdata
    wizchip_conf.o(i.reg_wizchip_bus_cbfunc) refers to wizchip_conf.o(i.wizchip_bus_writedata) for wizchip_bus_writedata
    wizchip_conf.o(i.reg_wizchip_cris_cbfunc) refers to wizchip_conf.o(.data) for .data
    wizchip_conf.o(i.reg_wizchip_cris_cbfunc) refers to wizchip_conf.o(i.wizchip_cris_enter) for wizchip_cris_enter
    wizchip_conf.o(i.reg_wizchip_cris_cbfunc) refers to wizchip_conf.o(i.wizchip_cris_exit) for wizchip_cris_exit
    wizchip_conf.o(i.reg_wizchip_cs_cbfunc) refers to wizchip_conf.o(.data) for .data
    wizchip_conf.o(i.reg_wizchip_cs_cbfunc) refers to wizchip_conf.o(i.wizchip_cs_select) for wizchip_cs_select
    wizchip_conf.o(i.reg_wizchip_cs_cbfunc) refers to wizchip_conf.o(i.wizchip_cs_deselect) for wizchip_cs_deselect
    wizchip_conf.o(i.reg_wizchip_spi_cbfunc) refers to wizchip_conf.o(.data) for .data
    wizchip_conf.o(i.reg_wizchip_spi_cbfunc) refers to wizchip_conf.o(i.wizchip_spi_readbyte) for wizchip_spi_readbyte
    wizchip_conf.o(i.reg_wizchip_spi_cbfunc) refers to wizchip_conf.o(i.wizchip_spi_writebyte) for wizchip_spi_writebyte
    wizchip_conf.o(i.reg_wizchip_spiburst_cbfunc) refers to wizchip_conf.o(.data) for .data
    wizchip_conf.o(i.reg_wizchip_spiburst_cbfunc) refers to wizchip_conf.o(i.wizchip_spi_readburst) for wizchip_spi_readburst
    wizchip_conf.o(i.reg_wizchip_spiburst_cbfunc) refers to wizchip_conf.o(i.wizchip_spi_writeburst) for wizchip_spi_writeburst
    wizchip_conf.o(i.wizchip_clrinterrupt) refers to w5100.o(i.WIZCHIP_WRITE) for WIZCHIP_WRITE
    wizchip_conf.o(i.wizchip_getinterrupt) refers to w5100.o(i.WIZCHIP_READ) for WIZCHIP_READ
    wizchip_conf.o(i.wizchip_getinterruptmask) refers to w5100.o(i.WIZCHIP_READ) for WIZCHIP_READ
    wizchip_conf.o(i.wizchip_getnetinfo) refers to w5100.o(i.WIZCHIP_READ_BUF) for WIZCHIP_READ_BUF
    wizchip_conf.o(i.wizchip_getnetinfo) refers to wizchip_conf.o(.data) for .data
    wizchip_conf.o(i.wizchip_getnetmode) refers to w5100.o(i.WIZCHIP_READ) for WIZCHIP_READ
    wizchip_conf.o(i.wizchip_gettimeout) refers to w5100.o(i.WIZCHIP_READ) for WIZCHIP_READ
    wizchip_conf.o(i.wizchip_init) refers to wizchip_conf.o(i.wizchip_sw_reset) for wizchip_sw_reset
    wizchip_conf.o(i.wizchip_init) refers to w5100.o(i.WIZCHIP_READ) for WIZCHIP_READ
    wizchip_conf.o(i.wizchip_init) refers to w5100.o(i.WIZCHIP_WRITE) for WIZCHIP_WRITE
    wizchip_conf.o(i.wizchip_setinterruptmask) refers to w5100.o(i.WIZCHIP_WRITE) for WIZCHIP_WRITE
    wizchip_conf.o(i.wizchip_setnetinfo) refers to w5100.o(i.WIZCHIP_WRITE_BUF) for WIZCHIP_WRITE_BUF
    wizchip_conf.o(i.wizchip_setnetinfo) refers to wizchip_conf.o(.data) for .data
    wizchip_conf.o(i.wizchip_setnetmode) refers to w5100.o(i.WIZCHIP_READ) for WIZCHIP_READ
    wizchip_conf.o(i.wizchip_setnetmode) refers to w5100.o(i.WIZCHIP_WRITE) for WIZCHIP_WRITE
    wizchip_conf.o(i.wizchip_settimeout) refers to w5100.o(i.WIZCHIP_WRITE) for WIZCHIP_WRITE
    wizchip_conf.o(i.wizchip_sw_reset) refers to w5100.o(i.WIZCHIP_READ_BUF) for WIZCHIP_READ_BUF
    wizchip_conf.o(i.wizchip_sw_reset) refers to w5100.o(i.WIZCHIP_WRITE) for WIZCHIP_WRITE
    wizchip_conf.o(i.wizchip_sw_reset) refers to w5100.o(i.WIZCHIP_READ) for WIZCHIP_READ
    wizchip_conf.o(i.wizchip_sw_reset) refers to w5100.o(i.WIZCHIP_WRITE_BUF) for WIZCHIP_WRITE_BUF
    wizchip_conf.o(.data) refers to wizchip_conf.o(i.wizchip_cris_enter) for wizchip_cris_enter
    wizchip_conf.o(.data) refers to wizchip_conf.o(i.wizchip_cris_exit) for wizchip_cris_exit
    wizchip_conf.o(.data) refers to wizchip_conf.o(i.wizchip_cs_select) for wizchip_cs_select
    wizchip_conf.o(.data) refers to wizchip_conf.o(i.wizchip_cs_deselect) for wizchip_cs_deselect
    wizchip_conf.o(.data) refers to wizchip_conf.o(i.wizchip_bus_readdata) for wizchip_bus_readdata
    wizchip_conf.o(.data) refers to wizchip_conf.o(i.wizchip_bus_writedata) for wizchip_bus_writedata
    w5100.o(i.WIZCHIP_READ) refers to wizchip_conf.o(.data) for WIZCHIP
    w5100.o(i.WIZCHIP_READ_BUF) refers to wizchip_conf.o(.data) for WIZCHIP
    w5100.o(i.WIZCHIP_WRITE) refers to wizchip_conf.o(.data) for WIZCHIP
    w5100.o(i.WIZCHIP_WRITE_BUF) refers to wizchip_conf.o(.data) for WIZCHIP
    w5100.o(i.getSn_RX_RSR) refers to w5100.o(i.WIZCHIP_READ) for WIZCHIP_READ
    w5100.o(i.getSn_RxBASE) refers to w5100.o(i.WIZCHIP_READ) for WIZCHIP_READ
    w5100.o(i.getSn_TX_FSR) refers to w5100.o(i.WIZCHIP_READ) for WIZCHIP_READ
    w5100.o(i.getSn_TxBASE) refers to w5100.o(i.WIZCHIP_READ) for WIZCHIP_READ
    w5100.o(i.wiz_recv_data) refers to w5100.o(i.WIZCHIP_READ) for WIZCHIP_READ
    w5100.o(i.wiz_recv_data) refers to w5100.o(i.getSn_RxBASE) for getSn_RxBASE
    w5100.o(i.wiz_recv_data) refers to w5100.o(i.WIZCHIP_READ_BUF) for WIZCHIP_READ_BUF
    w5100.o(i.wiz_recv_data) refers to w5100.o(i.WIZCHIP_WRITE) for WIZCHIP_WRITE
    w5100.o(i.wiz_recv_ignore) refers to w5100.o(i.WIZCHIP_READ) for WIZCHIP_READ
    w5100.o(i.wiz_recv_ignore) refers to w5100.o(i.WIZCHIP_WRITE) for WIZCHIP_WRITE
    w5100.o(i.wiz_send_data) refers to w5100.o(i.WIZCHIP_READ) for WIZCHIP_READ
    w5100.o(i.wiz_send_data) refers to w5100.o(i.getSn_TxBASE) for getSn_TxBASE
    w5100.o(i.wiz_send_data) refers to w5100.o(i.WIZCHIP_WRITE_BUF) for WIZCHIP_WRITE_BUF
    w5100.o(i.wiz_send_data) refers to w5100.o(i.WIZCHIP_WRITE) for WIZCHIP_WRITE
    entry.o(.ARM.Collect$$$$00000000) refers (Special) to entry10a.o(.ARM.Collect$$$$0000000D) for __rt_final_cpp
    entry.o(.ARM.Collect$$$$00000000) refers (Special) to entry11a.o(.ARM.Collect$$$$0000000F) for __rt_final_exit
    entry.o(.ARM.Collect$$$$00000000) refers (Special) to entry7b.o(.ARM.Collect$$$$00000008) for _main_clock
    entry.o(.ARM.Collect$$$$00000000) refers (Special) to entry8b.o(.ARM.Collect$$$$0000000A) for _main_cpp_init
    entry.o(.ARM.Collect$$$$00000000) refers (Special) to entry9a.o(.ARM.Collect$$$$0000000B) for _main_init
    entry.o(.ARM.Collect$$$$00000000) refers (Special) to entry5.o(.ARM.Collect$$$$00000004) for _main_scatterload
    entry.o(.ARM.Collect$$$$00000000) refers (Special) to entry2.o(.ARM.Collect$$$$00000001) for _main_stk
    entry2.o(.ARM.Collect$$$$00000001) refers to entry2.o(.ARM.Collect$$$$00002712) for __lit__00000000
    entry2.o(.ARM.Collect$$$$00002712) refers to startup_stm32f411xe.o(STACK) for __initial_sp
    entry2.o(__vectab_stack_and_reset_area) refers to startup_stm32f411xe.o(STACK) for __initial_sp
    entry2.o(__vectab_stack_and_reset_area) refers to entry.o(.ARM.Collect$$$$00000000) for __main
    entry5.o(.ARM.Collect$$$$00000004) refers to init.o(.text) for __scatterload
    entry9a.o(.ARM.Collect$$$$0000000B) refers to main.o(i.main) for main
    entry9b.o(.ARM.Collect$$$$0000000C) refers to main.o(i.main) for main
    init.o(.text) refers to entry5.o(.ARM.Collect$$$$00000004) for __main_after_scatterload


==============================================================================

Removing Unused input sections from the image.

    Removing startup_stm32f411xe.o(HEAP), (512 bytes).
    Removing system_stm32f4xx.o(.rev16_text), (4 bytes).
    Removing system_stm32f4xx.o(.revsh_text), (4 bytes).
    Removing system_stm32f4xx.o(.rrx_text), (6 bytes).
    Removing system_stm32f4xx.o(i.SystemCoreClockUpdate), (120 bytes).
    Removing stm32f4xx_hal_msp.o(.rev16_text), (4 bytes).
    Removing stm32f4xx_hal_msp.o(.revsh_text), (4 bytes).
    Removing stm32f4xx_hal_msp.o(.rrx_text), (6 bytes).
    Removing stm32f4xx_hal_msp.o(i.HAL_SPI_MspDeInit), (68 bytes).
    Removing stm32f4xx_hal_msp.o(i.HAL_UART_MspDeInit), (52 bytes).
    Removing stm32f4xx_it.o(.rev16_text), (4 bytes).
    Removing stm32f4xx_it.o(.revsh_text), (4 bytes).
    Removing stm32f4xx_it.o(.rrx_text), (6 bytes).
    Removing main.o(.rev16_text), (4 bytes).
    Removing main.o(.revsh_text), (4 bytes).
    Removing main.o(.rrx_text), (6 bytes).
    Removing main.o(i._Error_Handler), (2 bytes).
    Removing main.o(.bss), (60 bytes).
    Removing stm32f4xx_hal_gpio.o(.rev16_text), (4 bytes).
    Removing stm32f4xx_hal_gpio.o(.revsh_text), (4 bytes).
    Removing stm32f4xx_hal_gpio.o(.rrx_text), (6 bytes).
    Removing stm32f4xx_hal_gpio.o(i.HAL_GPIO_DeInit), (272 bytes).
    Removing stm32f4xx_hal_gpio.o(i.HAL_GPIO_EXTI_Callback), (2 bytes).
    Removing stm32f4xx_hal_gpio.o(i.HAL_GPIO_EXTI_IRQHandler), (24 bytes).
    Removing stm32f4xx_hal_gpio.o(i.HAL_GPIO_LockPin), (34 bytes).
    Removing stm32f4xx_hal_gpio.o(i.HAL_GPIO_ReadPin), (10 bytes).
    Removing stm32f4xx_hal_gpio.o(i.HAL_GPIO_TogglePin), (8 bytes).
    Removing stm32f4xx_hal_flash_ex.o(.rev16_text), (4 bytes).
    Removing stm32f4xx_hal_flash_ex.o(.revsh_text), (4 bytes).
    Removing stm32f4xx_hal_flash_ex.o(.rrx_text), (6 bytes).
    Removing stm32f4xx_hal_flash_ex.o(i.FLASH_Erase_Sector), (88 bytes).
    Removing stm32f4xx_hal_flash_ex.o(i.FLASH_FlushCaches), (84 bytes).
    Removing stm32f4xx_hal_flash_ex.o(i.FLASH_MassErase), (40 bytes).
    Removing stm32f4xx_hal_flash_ex.o(i.HAL_FLASHEx_AdvOBGetConfig), (12 bytes).
    Removing stm32f4xx_hal_flash_ex.o(i.HAL_FLASHEx_AdvOBProgram), (60 bytes).
    Removing stm32f4xx_hal_flash_ex.o(i.HAL_FLASHEx_Erase), (152 bytes).
    Removing stm32f4xx_hal_flash_ex.o(i.HAL_FLASHEx_Erase_IT), (104 bytes).
    Removing stm32f4xx_hal_flash_ex.o(i.HAL_FLASHEx_OBGetConfig), (64 bytes).
    Removing stm32f4xx_hal_flash_ex.o(i.HAL_FLASHEx_OBProgram), (204 bytes).
    Removing stm32f4xx_hal_flash_ex.o(i.HAL_FLASHEx_OB_DeSelectPCROP), (20 bytes).
    Removing stm32f4xx_hal_flash_ex.o(i.HAL_FLASHEx_OB_SelectPCROP), (24 bytes).
    Removing stm32f4xx_hal_pwr_ex.o(.rev16_text), (4 bytes).
    Removing stm32f4xx_hal_pwr_ex.o(.revsh_text), (4 bytes).
    Removing stm32f4xx_hal_pwr_ex.o(.rrx_text), (6 bytes).
    Removing stm32f4xx_hal_pwr_ex.o(i.HAL_PWREx_ControlVoltageScaling), (176 bytes).
    Removing stm32f4xx_hal_pwr_ex.o(i.HAL_PWREx_DisableBkUpReg), (76 bytes).
    Removing stm32f4xx_hal_pwr_ex.o(i.HAL_PWREx_DisableFlashPowerDown), (28 bytes).
    Removing stm32f4xx_hal_pwr_ex.o(i.HAL_PWREx_DisableLowRegulatorLowVoltage), (28 bytes).
    Removing stm32f4xx_hal_pwr_ex.o(i.HAL_PWREx_DisableMainRegulatorLowVoltage), (28 bytes).
    Removing stm32f4xx_hal_pwr_ex.o(i.HAL_PWREx_EnableBkUpReg), (76 bytes).
    Removing stm32f4xx_hal_pwr_ex.o(i.HAL_PWREx_EnableFlashPowerDown), (24 bytes).
    Removing stm32f4xx_hal_pwr_ex.o(i.HAL_PWREx_EnableLowRegulatorLowVoltage), (24 bytes).
    Removing stm32f4xx_hal_pwr_ex.o(i.HAL_PWREx_EnableMainRegulatorLowVoltage), (24 bytes).
    Removing stm32f4xx_hal_pwr_ex.o(i.HAL_PWREx_GetVoltageRange), (16 bytes).
    Removing stm32f4xx_hal_pwr.o(.rev16_text), (4 bytes).
    Removing stm32f4xx_hal_pwr.o(.revsh_text), (4 bytes).
    Removing stm32f4xx_hal_pwr.o(.rrx_text), (6 bytes).
    Removing stm32f4xx_hal_pwr.o(i.HAL_PWR_ConfigPVD), (124 bytes).
    Removing stm32f4xx_hal_pwr.o(i.HAL_PWR_DeInit), (24 bytes).
    Removing stm32f4xx_hal_pwr.o(i.HAL_PWR_DisableBkUpAccess), (28 bytes).
    Removing stm32f4xx_hal_pwr.o(i.HAL_PWR_DisablePVD), (24 bytes).
    Removing stm32f4xx_hal_pwr.o(i.HAL_PWR_DisableSEVOnPend), (16 bytes).
    Removing stm32f4xx_hal_pwr.o(i.HAL_PWR_DisableSleepOnExit), (16 bytes).
    Removing stm32f4xx_hal_pwr.o(i.HAL_PWR_DisableWakeUpPin), (16 bytes).
    Removing stm32f4xx_hal_pwr.o(i.HAL_PWR_EnableBkUpAccess), (24 bytes).
    Removing stm32f4xx_hal_pwr.o(i.HAL_PWR_EnablePVD), (24 bytes).
    Removing stm32f4xx_hal_pwr.o(i.HAL_PWR_EnableSEVOnPend), (16 bytes).
    Removing stm32f4xx_hal_pwr.o(i.HAL_PWR_EnableSleepOnExit), (16 bytes).
    Removing stm32f4xx_hal_pwr.o(i.HAL_PWR_EnableWakeUpPin), (16 bytes).
    Removing stm32f4xx_hal_pwr.o(i.HAL_PWR_EnterSLEEPMode), (32 bytes).
    Removing stm32f4xx_hal_pwr.o(i.HAL_PWR_EnterSTANDBYMode), (32 bytes).
    Removing stm32f4xx_hal_pwr.o(i.HAL_PWR_EnterSTOPMode), (56 bytes).
    Removing stm32f4xx_hal_pwr.o(i.HAL_PWR_PVDCallback), (2 bytes).
    Removing stm32f4xx_hal_pwr.o(i.HAL_PWR_PVD_IRQHandler), (28 bytes).
    Removing stm32f4xx_hal_tim.o(.rev16_text), (4 bytes).
    Removing stm32f4xx_hal_tim.o(.revsh_text), (4 bytes).
    Removing stm32f4xx_hal_tim.o(.rrx_text), (6 bytes).
    Removing stm32f4xx_hal_flash.o(.rev16_text), (4 bytes).
    Removing stm32f4xx_hal_flash.o(.revsh_text), (4 bytes).
    Removing stm32f4xx_hal_flash.o(.rrx_text), (6 bytes).
    Removing stm32f4xx_hal_flash.o(i.FLASH_Program_Byte), (32 bytes).
    Removing stm32f4xx_hal_flash.o(i.FLASH_Program_DoubleWord), (40 bytes).
    Removing stm32f4xx_hal_flash.o(i.FLASH_Program_HalfWord), (36 bytes).
    Removing stm32f4xx_hal_flash.o(i.FLASH_Program_Word), (36 bytes).
    Removing stm32f4xx_hal_flash.o(i.FLASH_SetErrorCode), (124 bytes).
    Removing stm32f4xx_hal_flash.o(i.FLASH_WaitForLastOperation), (80 bytes).
    Removing stm32f4xx_hal_flash.o(i.HAL_FLASH_EndOfOperationCallback), (2 bytes).
    Removing stm32f4xx_hal_flash.o(i.HAL_FLASH_GetError), (12 bytes).
    Removing stm32f4xx_hal_flash.o(i.HAL_FLASH_IRQHandler), (204 bytes).
    Removing stm32f4xx_hal_flash.o(i.HAL_FLASH_Lock), (20 bytes).
    Removing stm32f4xx_hal_flash.o(i.HAL_FLASH_OB_Launch), (24 bytes).
    Removing stm32f4xx_hal_flash.o(i.HAL_FLASH_OB_Lock), (20 bytes).
    Removing stm32f4xx_hal_flash.o(i.HAL_FLASH_OB_Unlock), (40 bytes).
    Removing stm32f4xx_hal_flash.o(i.HAL_FLASH_OperationErrorCallback), (2 bytes).
    Removing stm32f4xx_hal_flash.o(i.HAL_FLASH_Program), (124 bytes).
    Removing stm32f4xx_hal_flash.o(i.HAL_FLASH_Program_IT), (108 bytes).
    Removing stm32f4xx_hal_flash.o(i.HAL_FLASH_Unlock), (40 bytes).
    Removing stm32f4xx_hal_flash.o(.bss), (32 bytes).
    Removing stm32f4xx_hal_dma.o(.rev16_text), (4 bytes).
    Removing stm32f4xx_hal_dma.o(.revsh_text), (4 bytes).
    Removing stm32f4xx_hal_dma.o(.rrx_text), (6 bytes).
    Removing stm32f4xx_hal_dma.o(i.DMA_CalcBaseAndBitshift), (40 bytes).
    Removing stm32f4xx_hal_dma.o(i.DMA_CheckFifoParam), (84 bytes).
    Removing stm32f4xx_hal_dma.o(i.DMA_SetConfig), (40 bytes).
    Removing stm32f4xx_hal_dma.o(i.HAL_DMA_Abort), (142 bytes).
    Removing stm32f4xx_hal_dma.o(i.HAL_DMA_DeInit), (86 bytes).
    Removing stm32f4xx_hal_dma.o(i.HAL_DMA_GetError), (4 bytes).
    Removing stm32f4xx_hal_dma.o(i.HAL_DMA_GetState), (6 bytes).
    Removing stm32f4xx_hal_dma.o(i.HAL_DMA_IRQHandler), (424 bytes).
    Removing stm32f4xx_hal_dma.o(i.HAL_DMA_Init), (212 bytes).
    Removing stm32f4xx_hal_dma.o(i.HAL_DMA_PollForTransfer), (300 bytes).
    Removing stm32f4xx_hal_dma.o(i.HAL_DMA_RegisterCallback), (80 bytes).
    Removing stm32f4xx_hal_dma.o(i.HAL_DMA_Start), (70 bytes).
    Removing stm32f4xx_hal_dma.o(i.HAL_DMA_Start_IT), (120 bytes).
    Removing stm32f4xx_hal_dma.o(i.HAL_DMA_UnRegisterCallback), (96 bytes).
    Removing stm32f4xx_hal_dma.o(.constdata), (8 bytes).
    Removing stm32f4xx_hal_cortex.o(.rev16_text), (4 bytes).
    Removing stm32f4xx_hal_cortex.o(.revsh_text), (4 bytes).
    Removing stm32f4xx_hal_cortex.o(.rrx_text), (6 bytes).
    Removing stm32f4xx_hal_cortex.o(i.HAL_MPU_ConfigRegion), (84 bytes).
    Removing stm32f4xx_hal_cortex.o(i.HAL_MPU_Disable), (28 bytes).
    Removing stm32f4xx_hal_cortex.o(i.HAL_MPU_Enable), (36 bytes).
    Removing stm32f4xx_hal_cortex.o(i.HAL_NVIC_ClearPendingIRQ), (22 bytes).
    Removing stm32f4xx_hal_cortex.o(i.HAL_NVIC_DisableIRQ), (22 bytes).
    Removing stm32f4xx_hal_cortex.o(i.HAL_NVIC_GetActive), (32 bytes).
    Removing stm32f4xx_hal_cortex.o(i.HAL_NVIC_GetPendingIRQ), (32 bytes).
    Removing stm32f4xx_hal_cortex.o(i.HAL_NVIC_GetPriority), (82 bytes).
    Removing stm32f4xx_hal_cortex.o(i.HAL_NVIC_GetPriorityGrouping), (16 bytes).
    Removing stm32f4xx_hal_cortex.o(i.HAL_NVIC_SetPendingIRQ), (22 bytes).
    Removing stm32f4xx_hal_cortex.o(i.HAL_NVIC_SystemReset), (36 bytes).
    Removing stm32f4xx_hal_rcc_ex.o(.rev16_text), (4 bytes).
    Removing stm32f4xx_hal_rcc_ex.o(.revsh_text), (4 bytes).
    Removing stm32f4xx_hal_rcc_ex.o(.rrx_text), (6 bytes).
    Removing stm32f4xx_hal_rcc_ex.o(i.HAL_RCCEx_GetPeriphCLKConfig), (104 bytes).
    Removing stm32f4xx_hal_rcc_ex.o(i.HAL_RCCEx_GetPeriphCLKFreq), (96 bytes).
    Removing stm32f4xx_hal_rcc_ex.o(i.HAL_RCCEx_PeriphCLKConfig), (364 bytes).
    Removing stm32f4xx_hal_rcc_ex.o(i.HAL_RCCEx_SelectLSEMode), (28 bytes).
    Removing stm32f4xx_hal_rcc_ex.o(i.HAL_RCC_DeInit), (92 bytes).
    Removing stm32f4xx_hal_dma_ex.o(.rev16_text), (4 bytes).
    Removing stm32f4xx_hal_dma_ex.o(.revsh_text), (4 bytes).
    Removing stm32f4xx_hal_dma_ex.o(.rrx_text), (6 bytes).
    Removing stm32f4xx_hal_dma_ex.o(i.DMA_MultiBufferSetConfig), (30 bytes).
    Removing stm32f4xx_hal_dma_ex.o(i.HAL_DMAEx_ChangeMemory), (14 bytes).
    Removing stm32f4xx_hal_dma_ex.o(i.HAL_DMAEx_MultiBufferStart), (100 bytes).
    Removing stm32f4xx_hal_dma_ex.o(i.HAL_DMAEx_MultiBufferStart_IT), (2452 bytes).
    Removing stm32f4xx_hal_rcc.o(.rev16_text), (4 bytes).
    Removing stm32f4xx_hal_rcc.o(.revsh_text), (4 bytes).
    Removing stm32f4xx_hal_rcc.o(.rrx_text), (6 bytes).
    Removing stm32f4xx_hal_rcc.o(i.HAL_RCC_CSSCallback), (2 bytes).
    Removing stm32f4xx_hal_rcc.o(i.HAL_RCC_DeInit), (2 bytes).
    Removing stm32f4xx_hal_rcc.o(i.HAL_RCC_DisableCSS), (12 bytes).
    Removing stm32f4xx_hal_rcc.o(i.HAL_RCC_EnableCSS), (12 bytes).
    Removing stm32f4xx_hal_rcc.o(i.HAL_RCC_GetClockConfig), (64 bytes).
    Removing stm32f4xx_hal_rcc.o(i.HAL_RCC_GetOscConfig), (232 bytes).
    Removing stm32f4xx_hal_rcc.o(i.HAL_RCC_MCOConfig), (140 bytes).
    Removing stm32f4xx_hal_rcc.o(i.HAL_RCC_NMI_IRQHandler), (28 bytes).
    Removing stm32f4xx_hal_uart.o(.rev16_text), (4 bytes).
    Removing stm32f4xx_hal_uart.o(.revsh_text), (4 bytes).
    Removing stm32f4xx_hal_uart.o(.rrx_text), (6 bytes).
    Removing stm32f4xx_hal_uart.o(i.HAL_HalfDuplex_EnableReceiver), (50 bytes).
    Removing stm32f4xx_hal_uart.o(i.HAL_HalfDuplex_EnableTransmitter), (50 bytes).
    Removing stm32f4xx_hal_uart.o(i.HAL_HalfDuplex_Init), (108 bytes).
    Removing stm32f4xx_hal_uart.o(i.HAL_LIN_Init), (128 bytes).
    Removing stm32f4xx_hal_uart.o(i.HAL_LIN_SendBreak), (46 bytes).
    Removing stm32f4xx_hal_uart.o(i.HAL_MultiProcessor_EnterMuteMode), (46 bytes).
    Removing stm32f4xx_hal_uart.o(i.HAL_MultiProcessor_ExitMuteMode), (46 bytes).
    Removing stm32f4xx_hal_uart.o(i.HAL_MultiProcessor_Init), (142 bytes).
    Removing stm32f4xx_hal_uart.o(i.HAL_UART_Abort), (104 bytes).
    Removing stm32f4xx_hal_uart.o(i.HAL_UART_AbortCpltCallback), (2 bytes).
    Removing stm32f4xx_hal_uart.o(i.HAL_UART_AbortReceive), (68 bytes).
    Removing stm32f4xx_hal_uart.o(i.HAL_UART_AbortReceiveCpltCallback), (2 bytes).
    Removing stm32f4xx_hal_uart.o(i.HAL_UART_AbortReceive_IT), (92 bytes).
    Removing stm32f4xx_hal_uart.o(i.HAL_UART_AbortTransmit), (58 bytes).
    Removing stm32f4xx_hal_uart.o(i.HAL_UART_AbortTransmitCpltCallback), (2 bytes).
    Removing stm32f4xx_hal_uart.o(i.HAL_UART_AbortTransmit_IT), (84 bytes).
    Removing stm32f4xx_hal_uart.o(i.HAL_UART_Abort_IT), (172 bytes).
    Removing stm32f4xx_hal_uart.o(i.HAL_UART_DMAPause), (102 bytes).
    Removing stm32f4xx_hal_uart.o(i.HAL_UART_DMAResume), (94 bytes).
    Removing stm32f4xx_hal_uart.o(i.HAL_UART_DMAStop), (88 bytes).
    Removing stm32f4xx_hal_uart.o(i.HAL_UART_DeInit), (40 bytes).
    Removing stm32f4xx_hal_uart.o(i.HAL_UART_GetError), (4 bytes).
    Removing stm32f4xx_hal_uart.o(i.HAL_UART_GetState), (10 bytes).
    Removing stm32f4xx_hal_uart.o(i.HAL_UART_MspDeInit), (2 bytes).
    Removing stm32f4xx_hal_uart.o(i.HAL_UART_MspInit), (2 bytes).
    Removing stm32f4xx_hal_uart.o(i.HAL_UART_Receive), (184 bytes).
    Removing stm32f4xx_hal_uart.o(i.HAL_UART_Receive_DMA), (152 bytes).
    Removing stm32f4xx_hal_uart.o(i.HAL_UART_Receive_IT), (72 bytes).
    Removing stm32f4xx_hal_uart.o(i.HAL_UART_RxHalfCpltCallback), (2 bytes).
    Removing stm32f4xx_hal_uart.o(i.HAL_UART_Transmit), (186 bytes).
    Removing stm32f4xx_hal_uart.o(i.HAL_UART_Transmit_DMA), (128 bytes).
    Removing stm32f4xx_hal_uart.o(i.HAL_UART_Transmit_IT), (62 bytes).
    Removing stm32f4xx_hal_uart.o(i.HAL_UART_TxHalfCpltCallback), (2 bytes).
    Removing stm32f4xx_hal_uart.o(i.UART_DMAError), (74 bytes).
    Removing stm32f4xx_hal_uart.o(i.UART_DMAReceiveCplt), (60 bytes).
    Removing stm32f4xx_hal_uart.o(i.UART_DMARxAbortCallback), (42 bytes).
    Removing stm32f4xx_hal_uart.o(i.UART_DMARxHalfCplt), (10 bytes).
    Removing stm32f4xx_hal_uart.o(i.UART_DMARxOnlyAbortCallback), (20 bytes).
    Removing stm32f4xx_hal_uart.o(i.UART_DMATransmitCplt), (46 bytes).
    Removing stm32f4xx_hal_uart.o(i.UART_DMATxAbortCallback), (42 bytes).
    Removing stm32f4xx_hal_uart.o(i.UART_DMATxHalfCplt), (10 bytes).
    Removing stm32f4xx_hal_uart.o(i.UART_DMATxOnlyAbortCallback), (20 bytes).
    Removing stm32f4xx_hal_uart.o(i.UART_EndTxTransfer), (18 bytes).
    Removing stm32f4xx_hal_uart.o(i.UART_WaitOnFlagUntilTimeout), (100 bytes).
    Removing stm32f4xx_hal_flash_ramfunc.o(.rev16_text), (4 bytes).
    Removing stm32f4xx_hal_flash_ramfunc.o(.revsh_text), (4 bytes).
    Removing stm32f4xx_hal_flash_ramfunc.o(.rrx_text), (6 bytes).
    Removing stm32f4xx_hal_flash_ramfunc.o(i.HAL_FLASHEx_DisableFlashSleepMode), (44 bytes).
    Removing stm32f4xx_hal_flash_ramfunc.o(i.HAL_FLASHEx_EnableFlashSleepMode), (44 bytes).
    Removing stm32f4xx_hal_flash_ramfunc.o(i.HAL_FLASHEx_StartFlashInterfaceClk), (44 bytes).
    Removing stm32f4xx_hal_flash_ramfunc.o(i.HAL_FLASHEx_StopFlashInterfaceClk), (44 bytes).
    Removing stm32f4xx_hal_spi.o(.rev16_text), (4 bytes).
    Removing stm32f4xx_hal_spi.o(.revsh_text), (4 bytes).
    Removing stm32f4xx_hal_spi.o(.rrx_text), (6 bytes).
    Removing stm32f4xx_hal_spi.o(i.HAL_SPI_Abort), (192 bytes).
    Removing stm32f4xx_hal_spi.o(i.HAL_SPI_AbortCpltCallback), (2 bytes).
    Removing stm32f4xx_hal_spi.o(i.HAL_SPI_Abort_IT), (232 bytes).
    Removing stm32f4xx_hal_spi.o(i.HAL_SPI_DMAPause), (38 bytes).
    Removing stm32f4xx_hal_spi.o(i.HAL_SPI_DMAResume), (38 bytes).
    Removing stm32f4xx_hal_spi.o(i.HAL_SPI_DMAStop), (40 bytes).
    Removing stm32f4xx_hal_spi.o(i.HAL_SPI_DeInit), (46 bytes).
    Removing stm32f4xx_hal_spi.o(i.HAL_SPI_GetError), (4 bytes).
    Removing stm32f4xx_hal_spi.o(i.HAL_SPI_GetState), (6 bytes).
    Removing stm32f4xx_hal_spi.o(i.HAL_SPI_MspDeInit), (2 bytes).
    Removing stm32f4xx_hal_spi.o(i.HAL_SPI_MspInit), (2 bytes).
    Removing stm32f4xx_hal_spi.o(i.HAL_SPI_Receive_DMA), (212 bytes).
    Removing stm32f4xx_hal_spi.o(i.HAL_SPI_Receive_IT), (164 bytes).
    Removing stm32f4xx_hal_spi.o(i.HAL_SPI_RxCpltCallback), (2 bytes).
    Removing stm32f4xx_hal_spi.o(i.HAL_SPI_RxHalfCpltCallback), (2 bytes).
    Removing stm32f4xx_hal_spi.o(i.HAL_SPI_TransmitReceive_DMA), (264 bytes).
    Removing stm32f4xx_hal_spi.o(i.HAL_SPI_TransmitReceive_IT), (164 bytes).
    Removing stm32f4xx_hal_spi.o(i.HAL_SPI_Transmit_DMA), (184 bytes).
    Removing stm32f4xx_hal_spi.o(i.HAL_SPI_Transmit_IT), (152 bytes).
    Removing stm32f4xx_hal_spi.o(i.HAL_SPI_TxCpltCallback), (2 bytes).
    Removing stm32f4xx_hal_spi.o(i.HAL_SPI_TxHalfCpltCallback), (2 bytes).
    Removing stm32f4xx_hal_spi.o(i.HAL_SPI_TxRxCpltCallback), (2 bytes).
    Removing stm32f4xx_hal_spi.o(i.HAL_SPI_TxRxHalfCpltCallback), (2 bytes).
    Removing stm32f4xx_hal_spi.o(i.SPI_2linesRxISR_16BIT), (48 bytes).
    Removing stm32f4xx_hal_spi.o(i.SPI_2linesRxISR_8BIT), (46 bytes).
    Removing stm32f4xx_hal_spi.o(i.SPI_2linesTxISR_16BIT), (48 bytes).
    Removing stm32f4xx_hal_spi.o(i.SPI_2linesTxISR_8BIT), (46 bytes).
    Removing stm32f4xx_hal_spi.o(i.SPI_AbortRx_ISR), (80 bytes).
    Removing stm32f4xx_hal_spi.o(i.SPI_AbortTx_ISR), (22 bytes).
    Removing stm32f4xx_hal_spi.o(i.SPI_CloseRxTx_ISR), (144 bytes).
    Removing stm32f4xx_hal_spi.o(i.SPI_CloseRx_ISR), (78 bytes).
    Removing stm32f4xx_hal_spi.o(i.SPI_CloseTx_ISR), (124 bytes).
    Removing stm32f4xx_hal_spi.o(i.SPI_DMAError), (34 bytes).
    Removing stm32f4xx_hal_spi.o(i.SPI_DMAHalfReceiveCplt), (10 bytes).
    Removing stm32f4xx_hal_spi.o(i.SPI_DMAHalfTransmitCplt), (10 bytes).
    Removing stm32f4xx_hal_spi.o(i.SPI_DMAHalfTransmitReceiveCplt), (10 bytes).
    Removing stm32f4xx_hal_spi.o(i.SPI_DMAReceiveCplt), (82 bytes).
    Removing stm32f4xx_hal_spi.o(i.SPI_DMARxAbortCallback), (70 bytes).
    Removing stm32f4xx_hal_spi.o(i.SPI_DMATransmitCplt), (90 bytes).
    Removing stm32f4xx_hal_spi.o(i.SPI_DMATransmitReceiveCplt), (80 bytes).
    Removing stm32f4xx_hal_spi.o(i.SPI_DMATxAbortCallback), (104 bytes).
    Removing stm32f4xx_hal_spi.o(i.SPI_RxISR_16BIT), (32 bytes).
    Removing stm32f4xx_hal_spi.o(i.SPI_RxISR_8BIT), (30 bytes).
    Removing stm32f4xx_hal_spi.o(i.SPI_TxISR_16BIT), (32 bytes).
    Removing stm32f4xx_hal_spi.o(i.SPI_TxISR_8BIT), (30 bytes).
    Removing stm32f4xx_hal_tim_ex.o(.rev16_text), (4 bytes).
    Removing stm32f4xx_hal_tim_ex.o(.revsh_text), (4 bytes).
    Removing stm32f4xx_hal_tim_ex.o(.rrx_text), (6 bytes).
    Removing stm32f4xx_hal.o(.rev16_text), (4 bytes).
    Removing stm32f4xx_hal.o(.revsh_text), (4 bytes).
    Removing stm32f4xx_hal.o(.rrx_text), (6 bytes).
    Removing stm32f4xx_hal.o(i.HAL_DBGMCU_DisableDBGSleepMode), (16 bytes).
    Removing stm32f4xx_hal.o(i.HAL_DBGMCU_DisableDBGStandbyMode), (16 bytes).
    Removing stm32f4xx_hal.o(i.HAL_DBGMCU_DisableDBGStopMode), (16 bytes).
    Removing stm32f4xx_hal.o(i.HAL_DBGMCU_EnableDBGSleepMode), (16 bytes).
    Removing stm32f4xx_hal.o(i.HAL_DBGMCU_EnableDBGStandbyMode), (16 bytes).
    Removing stm32f4xx_hal.o(i.HAL_DBGMCU_EnableDBGStopMode), (16 bytes).
    Removing stm32f4xx_hal.o(i.HAL_DeInit), (52 bytes).
    Removing stm32f4xx_hal.o(i.HAL_DisableCompensationCell), (28 bytes).
    Removing stm32f4xx_hal.o(i.HAL_EnableCompensationCell), (28 bytes).
    Removing stm32f4xx_hal.o(i.HAL_GetDEVID), (16 bytes).
    Removing stm32f4xx_hal.o(i.HAL_GetHalVersion), (8 bytes).
    Removing stm32f4xx_hal.o(i.HAL_GetREVID), (12 bytes).
    Removing stm32f4xx_hal.o(i.HAL_GetUID), (28 bytes).
    Removing stm32f4xx_hal.o(i.HAL_MspDeInit), (2 bytes).
    Removing stm32f4xx_hal.o(i.HAL_MspInit), (2 bytes).
    Removing stm32f4xx_hal.o(i.HAL_ResumeTick), (14 bytes).
    Removing stm32f4xx_hal.o(i.HAL_SuspendTick), (14 bytes).
    Removing socket.o(i.connect), (264 bytes).
    Removing socket.o(i.ctlsocket), (156 bytes).
    Removing socket.o(i.recv), (260 bytes).
    Removing socket.o(i.recvfrom), (536 bytes).
    Removing socket.o(i.sendto), (440 bytes).
    Removing socket.o(i.setsockopt), (128 bytes).
    Removing wizchip_conf.o(i.ctlnetwork), (76 bytes).
    Removing wizchip_conf.o(i.ctlwizchip), (116 bytes).
    Removing wizchip_conf.o(i.reg_wizchip_bus_cbfunc), (44 bytes).
    Removing wizchip_conf.o(i.reg_wizchip_cris_cbfunc), (36 bytes).
    Removing wizchip_conf.o(i.reg_wizchip_spiburst_cbfunc), (44 bytes).
    Removing wizchip_conf.o(i.wizchip_clrinterrupt), (20 bytes).
    Removing wizchip_conf.o(i.wizchip_getinterrupt), (14 bytes).
    Removing wizchip_conf.o(i.wizchip_getinterruptmask), (22 bytes).
    Removing wizchip_conf.o(i.wizchip_getnetinfo), (80 bytes).
    Removing wizchip_conf.o(i.wizchip_getnetmode), (6 bytes).
    Removing wizchip_conf.o(i.wizchip_gettimeout), (34 bytes).
    Removing wizchip_conf.o(i.wizchip_setinterruptmask), (18 bytes).
    Removing wizchip_conf.o(i.wizchip_setnetmode), (36 bytes).
    Removing wizchip_conf.o(i.wizchip_settimeout), (34 bytes).
    Removing wizchip_conf.o(i.wizchip_spi_readburst), (2 bytes).
    Removing wizchip_conf.o(i.wizchip_spi_writeburst), (2 bytes).
    Removing wizchip_conf.o(i.wizphy_getphylink), (6 bytes).
    Removing w5100.o(i.getSn_RxBASE), (60 bytes).
    Removing w5100.o(i.wiz_recv_data), (208 bytes).
    Removing w5100.o(i.wiz_recv_ignore), (66 bytes).

307 unused section(s) (total 19122 bytes) removed from the image.

==============================================================================

Image Symbol Table

    Local Symbols

    Symbol Name                              Value     Ov Type        Size  Object(Section)

    ../Drivers/STM32F4xx_HAL_Driver/Src/stm32f4xx_hal.c 0x00000000   Number         0  stm32f4xx_hal.o ABSOLUTE
    ../Drivers/STM32F4xx_HAL_Driver/Src/stm32f4xx_hal_cortex.c 0x00000000   Number         0  stm32f4xx_hal_cortex.o ABSOLUTE
    ../Drivers/STM32F4xx_HAL_Driver/Src/stm32f4xx_hal_dma.c 0x00000000   Number         0  stm32f4xx_hal_dma.o ABSOLUTE
    ../Drivers/STM32F4xx_HAL_Driver/Src/stm32f4xx_hal_dma_ex.c 0x00000000   Number         0  stm32f4xx_hal_dma_ex.o ABSOLUTE
    ../Drivers/STM32F4xx_HAL_Driver/Src/stm32f4xx_hal_flash.c 0x00000000   Number         0  stm32f4xx_hal_flash.o ABSOLUTE
    ../Drivers/STM32F4xx_HAL_Driver/Src/stm32f4xx_hal_flash_ex.c 0x00000000   Number         0  stm32f4xx_hal_flash_ex.o ABSOLUTE
    ../Drivers/STM32F4xx_HAL_Driver/Src/stm32f4xx_hal_flash_ramfunc.c 0x00000000   Number         0  stm32f4xx_hal_flash_ramfunc.o ABSOLUTE
    ../Drivers/STM32F4xx_HAL_Driver/Src/stm32f4xx_hal_gpio.c 0x00000000   Number         0  stm32f4xx_hal_gpio.o ABSOLUTE
    ../Drivers/STM32F4xx_HAL_Driver/Src/stm32f4xx_hal_pwr.c 0x00000000   Number         0  stm32f4xx_hal_pwr.o ABSOLUTE
    ../Drivers/STM32F4xx_HAL_Driver/Src/stm32f4xx_hal_pwr_ex.c 0x00000000   Number         0  stm32f4xx_hal_pwr_ex.o ABSOLUTE
    ../Drivers/STM32F4xx_HAL_Driver/Src/stm32f4xx_hal_rcc.c 0x00000000   Number         0  stm32f4xx_hal_rcc.o ABSOLUTE
    ../Drivers/STM32F4xx_HAL_Driver/Src/stm32f4xx_hal_rcc_ex.c 0x00000000   Number         0  stm32f4xx_hal_rcc_ex.o ABSOLUTE
    ../Drivers/STM32F4xx_HAL_Driver/Src/stm32f4xx_hal_spi.c 0x00000000   Number         0  stm32f4xx_hal_spi.o ABSOLUTE
    ../Drivers/STM32F4xx_HAL_Driver/Src/stm32f4xx_hal_tim.c 0x00000000   Number         0  stm32f4xx_hal_tim.o ABSOLUTE
    ../Drivers/STM32F4xx_HAL_Driver/Src/stm32f4xx_hal_tim_ex.c 0x00000000   Number         0  stm32f4xx_hal_tim_ex.o ABSOLUTE
    ../Drivers/STM32F4xx_HAL_Driver/Src/stm32f4xx_hal_uart.c 0x00000000   Number         0  stm32f4xx_hal_uart.o ABSOLUTE
    ../Src/main.c                            0x00000000   Number         0  main.o ABSOLUTE
    ../Src/stm32f4xx_hal_msp.c               0x00000000   Number         0  stm32f4xx_hal_msp.o ABSOLUTE
    ../Src/stm32f4xx_it.c                    0x00000000   Number         0  stm32f4xx_it.o ABSOLUTE
    ../Src/system_stm32f4xx.c                0x00000000   Number         0  system_stm32f4xx.o ABSOLUTE
    ../clib/microlib/init/entry.s            0x00000000   Number         0  entry11b.o ABSOLUTE
    ../clib/microlib/init/entry.s            0x00000000   Number         0  entry.o ABSOLUTE
    ../clib/microlib/init/entry.s            0x00000000   Number         0  entry10a.o ABSOLUTE
    ../clib/microlib/init/entry.s            0x00000000   Number         0  entry9b.o ABSOLUTE
    ../clib/microlib/init/entry.s            0x00000000   Number         0  entry9a.o ABSOLUTE
    ../clib/microlib/init/entry.s            0x00000000   Number         0  entry8b.o ABSOLUTE
    ../clib/microlib/init/entry.s            0x00000000   Number         0  entry8a.o ABSOLUTE
    ../clib/microlib/init/entry.s            0x00000000   Number         0  entry10b.o ABSOLUTE
    ../clib/microlib/init/entry.s            0x00000000   Number         0  entry7b.o ABSOLUTE
    ../clib/microlib/init/entry.s            0x00000000   Number         0  entry7a.o ABSOLUTE
    ../clib/microlib/init/entry.s            0x00000000   Number         0  entry2.o ABSOLUTE
    ../clib/microlib/init/entry.s            0x00000000   Number         0  entry5.o ABSOLUTE
    ../clib/microlib/init/entry.s            0x00000000   Number         0  entry11a.o ABSOLUTE
    ../clib/microlib/string/memcpy.c         0x00000000   Number         0  memcpya.o ABSOLUTE
    ../clib/microlib/string/memcpy.c         0x00000000   Number         0  memcpyb.o ABSOLUTE
    ..\Drivers\STM32F4xx_HAL_Driver\Src\stm32f4xx_hal.c 0x00000000   Number         0  stm32f4xx_hal.o ABSOLUTE
    ..\Drivers\STM32F4xx_HAL_Driver\Src\stm32f4xx_hal_cortex.c 0x00000000   Number         0  stm32f4xx_hal_cortex.o ABSOLUTE
    ..\Drivers\STM32F4xx_HAL_Driver\Src\stm32f4xx_hal_dma.c 0x00000000   Number         0  stm32f4xx_hal_dma.o ABSOLUTE
    ..\Drivers\STM32F4xx_HAL_Driver\Src\stm32f4xx_hal_dma_ex.c 0x00000000   Number         0  stm32f4xx_hal_dma_ex.o ABSOLUTE
    ..\Drivers\STM32F4xx_HAL_Driver\Src\stm32f4xx_hal_flash.c 0x00000000   Number         0  stm32f4xx_hal_flash.o ABSOLUTE
    ..\Drivers\STM32F4xx_HAL_Driver\Src\stm32f4xx_hal_flash_ex.c 0x00000000   Number         0  stm32f4xx_hal_flash_ex.o ABSOLUTE
    ..\Drivers\STM32F4xx_HAL_Driver\Src\stm32f4xx_hal_flash_ramfunc.c 0x00000000   Number         0  stm32f4xx_hal_flash_ramfunc.o ABSOLUTE
    ..\Drivers\STM32F4xx_HAL_Driver\Src\stm32f4xx_hal_gpio.c 0x00000000   Number         0  stm32f4xx_hal_gpio.o ABSOLUTE
    ..\Drivers\STM32F4xx_HAL_Driver\Src\stm32f4xx_hal_pwr.c 0x00000000   Number         0  stm32f4xx_hal_pwr.o ABSOLUTE
    ..\Drivers\STM32F4xx_HAL_Driver\Src\stm32f4xx_hal_pwr_ex.c 0x00000000   Number         0  stm32f4xx_hal_pwr_ex.o ABSOLUTE
    ..\Drivers\STM32F4xx_HAL_Driver\Src\stm32f4xx_hal_rcc.c 0x00000000   Number         0  stm32f4xx_hal_rcc.o ABSOLUTE
    ..\Drivers\STM32F4xx_HAL_Driver\Src\stm32f4xx_hal_rcc_ex.c 0x00000000   Number         0  stm32f4xx_hal_rcc_ex.o ABSOLUTE
    ..\Drivers\STM32F4xx_HAL_Driver\Src\stm32f4xx_hal_spi.c 0x00000000   Number         0  stm32f4xx_hal_spi.o ABSOLUTE
    ..\Drivers\STM32F4xx_HAL_Driver\Src\stm32f4xx_hal_tim.c 0x00000000   Number         0  stm32f4xx_hal_tim.o ABSOLUTE
    ..\Drivers\STM32F4xx_HAL_Driver\Src\stm32f4xx_hal_tim_ex.c 0x00000000   Number         0  stm32f4xx_hal_tim_ex.o ABSOLUTE
    ..\Drivers\STM32F4xx_HAL_Driver\Src\stm32f4xx_hal_uart.c 0x00000000   Number         0  stm32f4xx_hal_uart.o ABSOLUTE
    ..\Src\main.c                            0x00000000   Number         0  main.o ABSOLUTE
    ..\Src\stm32f4xx_hal_msp.c               0x00000000   Number         0  stm32f4xx_hal_msp.o ABSOLUTE
    ..\Src\stm32f4xx_it.c                    0x00000000   Number         0  stm32f4xx_it.o ABSOLUTE
    ..\Src\system_stm32f4xx.c                0x00000000   Number         0  system_stm32f4xx.o ABSOLUTE
    ..\ioLibrary_Driver-master\Ethernet\W5100\w5100.c 0x00000000   Number         0  w5100.o ABSOLUTE
    ..\ioLibrary_Driver-master\Ethernet\W5200\w5200.c 0x00000000   Number         0  w5200.o ABSOLUTE
    ..\ioLibrary_Driver-master\Ethernet\W5300\w5300.c 0x00000000   Number         0  w5300.o ABSOLUTE
    ..\ioLibrary_Driver-master\Ethernet\W5500\w5500.c 0x00000000   Number         0  w5500.o ABSOLUTE
    ..\ioLibrary_Driver-master\Ethernet\socket.c 0x00000000   Number         0  socket.o ABSOLUTE
    ..\ioLibrary_Driver-master\Ethernet\wizchip_conf.c 0x00000000   Number         0  wizchip_conf.o ABSOLUTE
    dc.s                                     0x00000000   Number         0  dc.o ABSOLUTE
    handlers.s                               0x00000000   Number         0  handlers.o ABSOLUTE
    init.s                                   0x00000000   Number         0  init.o ABSOLUTE
    startup_stm32f411xe.s                    0x00000000   Number         0  startup_stm32f411xe.o ABSOLUTE
    RESET                                    0x08000000   Section      408  startup_stm32f411xe.o(RESET)
    .ARM.Collect$$$$00000000                 0x08000198   Section        0  entry.o(.ARM.Collect$$$$00000000)
    .ARM.Collect$$$$00000001                 0x08000198   Section        4  entry2.o(.ARM.Collect$$$$00000001)
    .ARM.Collect$$$$00000004                 0x0800019c   Section        4  entry5.o(.ARM.Collect$$$$00000004)
    .ARM.Collect$$$$00000008                 0x080001a0   Section        0  entry7b.o(.ARM.Collect$$$$00000008)
    .ARM.Collect$$$$0000000A                 0x080001a0   Section        0  entry8b.o(.ARM.Collect$$$$0000000A)
    .ARM.Collect$$$$0000000B                 0x080001a0   Section        8  entry9a.o(.ARM.Collect$$$$0000000B)
    .ARM.Collect$$$$0000000D                 0x080001a8   Section        0  entry10a.o(.ARM.Collect$$$$0000000D)
    .ARM.Collect$$$$0000000F                 0x080001a8   Section        0  entry11a.o(.ARM.Collect$$$$0000000F)
    .ARM.Collect$$$$00002712                 0x080001a8   Section        4  entry2.o(.ARM.Collect$$$$00002712)
    __lit__00000000                          0x080001a8   Data           4  entry2.o(.ARM.Collect$$$$00002712)
    .text                                    0x080001ac   Section       36  startup_stm32f411xe.o(.text)
    $v0                                      0x080001ac   Number         0  startup_stm32f411xe.o(.text)
    .text                                    0x080001d0   Section        0  memcpya.o(.text)
    .text                                    0x080001f4   Section       36  init.o(.text)
    i.HAL_DMA_Abort_IT                       0x08000218   Section        0  stm32f4xx_hal_dma.o(i.HAL_DMA_Abort_IT)
    i.HAL_Delay                              0x0800023c   Section        0  stm32f4xx_hal.o(i.HAL_Delay)
    i.HAL_GPIO_Init                          0x08000258   Section        0  stm32f4xx_hal_gpio.o(i.HAL_GPIO_Init)
    i.HAL_GPIO_WritePin                      0x080003e0   Section        0  stm32f4xx_hal_gpio.o(i.HAL_GPIO_WritePin)
    i.HAL_GetTick                            0x080003ec   Section        0  stm32f4xx_hal.o(i.HAL_GetTick)
    i.HAL_IncTick                            0x080003f8   Section        0  stm32f4xx_hal.o(i.HAL_IncTick)
    i.HAL_Init                               0x08000408   Section        0  stm32f4xx_hal.o(i.HAL_Init)
    i.HAL_InitTick                           0x0800043c   Section        0  stm32f4xx_hal.o(i.HAL_InitTick)
    i.HAL_MspInit                            0x08000464   Section        0  stm32f4xx_hal_msp.o(i.HAL_MspInit)
    i.HAL_NVIC_EnableIRQ                     0x080004bc   Section        0  stm32f4xx_hal_cortex.o(i.HAL_NVIC_EnableIRQ)
    i.HAL_NVIC_SetPriority                   0x080004d4   Section        0  stm32f4xx_hal_cortex.o(i.HAL_NVIC_SetPriority)
    i.HAL_NVIC_SetPriorityGrouping           0x08000514   Section        0  stm32f4xx_hal_cortex.o(i.HAL_NVIC_SetPriorityGrouping)
    i.HAL_RCC_ClockConfig                    0x08000538   Section        0  stm32f4xx_hal_rcc.o(i.HAL_RCC_ClockConfig)
    i.HAL_RCC_GetHCLKFreq                    0x080006b4   Section        0  stm32f4xx_hal_rcc.o(i.HAL_RCC_GetHCLKFreq)
    i.HAL_RCC_GetPCLK1Freq                   0x080006c0   Section        0  stm32f4xx_hal_rcc.o(i.HAL_RCC_GetPCLK1Freq)
    i.HAL_RCC_GetPCLK2Freq                   0x080006f0   Section        0  stm32f4xx_hal_rcc.o(i.HAL_RCC_GetPCLK2Freq)
    i.HAL_RCC_GetSysClockFreq                0x08000720   Section        0  stm32f4xx_hal_rcc.o(i.HAL_RCC_GetSysClockFreq)
    i.HAL_RCC_OscConfig                      0x08000790   Section        0  stm32f4xx_hal_rcc.o(i.HAL_RCC_OscConfig)
    i.HAL_SPI_ErrorCallback                  0x08000aa4   Section        0  stm32f4xx_hal_spi.o(i.HAL_SPI_ErrorCallback)
    i.HAL_SPI_IRQHandler                     0x08000aa8   Section        0  stm32f4xx_hal_spi.o(i.HAL_SPI_IRQHandler)
    i.HAL_SPI_Init                           0x08000b7c   Section        0  stm32f4xx_hal_spi.o(i.HAL_SPI_Init)
    i.HAL_SPI_MspInit                        0x08000bfc   Section        0  stm32f4xx_hal_msp.o(i.HAL_SPI_MspInit)
    i.HAL_SPI_Receive                        0x08000c70   Section        0  stm32f4xx_hal_spi.o(i.HAL_SPI_Receive)
    i.HAL_SPI_Transmit                       0x08000dc0   Section        0  stm32f4xx_hal_spi.o(i.HAL_SPI_Transmit)
    i.HAL_SPI_TransmitReceive                0x08000f28   Section        0  stm32f4xx_hal_spi.o(i.HAL_SPI_TransmitReceive)
    i.HAL_SYSTICK_CLKSourceConfig            0x08001100   Section        0  stm32f4xx_hal_cortex.o(i.HAL_SYSTICK_CLKSourceConfig)
    i.HAL_SYSTICK_Callback                   0x08001118   Section        0  stm32f4xx_hal_cortex.o(i.HAL_SYSTICK_Callback)
    i.HAL_SYSTICK_Config                     0x0800111a   Section        0  stm32f4xx_hal_cortex.o(i.HAL_SYSTICK_Config)
    i.HAL_SYSTICK_IRQHandler                 0x08001142   Section        0  stm32f4xx_hal_cortex.o(i.HAL_SYSTICK_IRQHandler)
    i.HAL_UART_ErrorCallback                 0x0800114a   Section        0  stm32f4xx_hal_uart.o(i.HAL_UART_ErrorCallback)
    i.HAL_UART_IRQHandler                    0x0800114c   Section        0  stm32f4xx_hal_uart.o(i.HAL_UART_IRQHandler)
    i.HAL_UART_Init                          0x0800125c   Section        0  stm32f4xx_hal_uart.o(i.HAL_UART_Init)
    i.HAL_UART_MspInit                       0x080012c0   Section        0  stm32f4xx_hal_msp.o(i.HAL_UART_MspInit)
    i.HAL_UART_RxCpltCallback                0x0800131c   Section        0  stm32f4xx_hal_uart.o(i.HAL_UART_RxCpltCallback)
    i.HAL_UART_TxCpltCallback                0x0800131e   Section        0  stm32f4xx_hal_uart.o(i.HAL_UART_TxCpltCallback)
    i.MX_GPIO_Init                           0x08001320   Section        0  main.o(i.MX_GPIO_Init)
    MX_GPIO_Init                             0x08001321   Thumb Code   188  main.o(i.MX_GPIO_Init)
    i.MX_SPI2_Init                           0x080013ec   Section        0  main.o(i.MX_SPI2_Init)
    MX_SPI2_Init                             0x080013ed   Thumb Code    56  main.o(i.MX_SPI2_Init)
    i.NVIC_SetPriority                       0x0800142c   Section        0  stm32f4xx_hal_cortex.o(i.NVIC_SetPriority)
    NVIC_SetPriority                         0x0800142d   Thumb Code    32  stm32f4xx_hal_cortex.o(i.NVIC_SetPriority)
    i.SPI2_IRQHandler                        0x0800144c   Section        0  stm32f4xx_it.o(i.SPI2_IRQHandler)
    i.SPI_CheckFlag_BSY                      0x08001458   Section        0  stm32f4xx_hal_spi.o(i.SPI_CheckFlag_BSY)
    SPI_CheckFlag_BSY                        0x08001459   Thumb Code    32  stm32f4xx_hal_spi.o(i.SPI_CheckFlag_BSY)
    i.SPI_DMAAbortOnError                    0x08001478   Section        0  stm32f4xx_hal_spi.o(i.SPI_DMAAbortOnError)
    SPI_DMAAbortOnError                      0x08001479   Thumb Code    16  stm32f4xx_hal_spi.o(i.SPI_DMAAbortOnError)
    i.SPI_WaitFlagStateUntilTimeout          0x08001488   Section        0  stm32f4xx_hal_spi.o(i.SPI_WaitFlagStateUntilTimeout)
    SPI_WaitFlagStateUntilTimeout            0x08001489   Thumb Code   150  stm32f4xx_hal_spi.o(i.SPI_WaitFlagStateUntilTimeout)
    i.SysTick_Handler                        0x0800151e   Section        0  stm32f4xx_it.o(i.SysTick_Handler)
    i.SystemClock_Config                     0x0800152c   Section        0  main.o(i.SystemClock_Config)
    i.SystemInit                             0x080015c8   Section        0  system_stm32f4xx.o(i.SystemInit)
    i.UART_DMAAbortOnError                   0x0800161c   Section        0  stm32f4xx_hal_uart.o(i.UART_DMAAbortOnError)
    UART_DMAAbortOnError                     0x0800161d   Thumb Code    16  stm32f4xx_hal_uart.o(i.UART_DMAAbortOnError)
    i.UART_EndRxTransfer                     0x0800162c   Section        0  stm32f4xx_hal_uart.o(i.UART_EndRxTransfer)
    UART_EndRxTransfer                       0x0800162d   Thumb Code    28  stm32f4xx_hal_uart.o(i.UART_EndRxTransfer)
    i.UART_Receive_IT                        0x08001648   Section        0  stm32f4xx_hal_uart.o(i.UART_Receive_IT)
    UART_Receive_IT                          0x08001649   Thumb Code   140  stm32f4xx_hal_uart.o(i.UART_Receive_IT)
    i.UART_SetConfig                         0x080016d4   Section        0  stm32f4xx_hal_uart.o(i.UART_SetConfig)
    UART_SetConfig                           0x080016d5   Thumb Code   676  stm32f4xx_hal_uart.o(i.UART_SetConfig)
    i.UART_Transmit_IT                       0x08001980   Section        0  stm32f4xx_hal_uart.o(i.UART_Transmit_IT)
    UART_Transmit_IT                         0x08001981   Thumb Code    98  stm32f4xx_hal_uart.o(i.UART_Transmit_IT)
    i.USART6_IRQHandler                      0x080019e4   Section        0  stm32f4xx_it.o(i.USART6_IRQHandler)
    i.WIZCHIP_READ                           0x080019f0   Section        0  w5100.o(i.WIZCHIP_READ)
    i.WIZCHIP_READ_BUF                       0x08001a28   Section        0  w5100.o(i.WIZCHIP_READ_BUF)
    i.WIZCHIP_WRITE                          0x08001a80   Section        0  w5100.o(i.WIZCHIP_WRITE)
    i.WIZCHIP_WRITE_BUF                      0x08001abc   Section        0  w5100.o(i.WIZCHIP_WRITE_BUF)
    i.__scatterload_copy                     0x08001b14   Section       14  handlers.o(i.__scatterload_copy)
    i.__scatterload_null                     0x08001b22   Section        2  handlers.o(i.__scatterload_null)
    i.__scatterload_zeroinit                 0x08001b24   Section       14  handlers.o(i.__scatterload_zeroinit)
    i.close                                  0x08001b34   Section        0  socket.o(i.close)
    i.cs_desel                               0x08001ba4   Section        0  main.o(i.cs_desel)
    i.cs_sel                                 0x08001bb4   Section        0  main.o(i.cs_sel)
    i.disconnect                             0x08001bc4   Section        0  socket.o(i.disconnect)
    i.getSn_RX_RSR                           0x08001c54   Section        0  w5100.o(i.getSn_RX_RSR)
    i.getSn_TX_FSR                           0x08001c9e   Section        0  w5100.o(i.getSn_TX_FSR)
    i.getSn_TxBASE                           0x08001ce8   Section        0  w5100.o(i.getSn_TxBASE)
    i.getsockopt                             0x08001d24   Section        0  socket.o(i.getsockopt)
    i.listen                                 0x08001e14   Section        0  socket.o(i.listen)
    i.main                                   0x08001e88   Section        0  main.o(i.main)
    i.reg_wizchip_cs_cbfunc                  0x08001f80   Section        0  wizchip_conf.o(i.reg_wizchip_cs_cbfunc)
    i.reg_wizchip_spi_cbfunc                 0x08001fa4   Section        0  wizchip_conf.o(i.reg_wizchip_spi_cbfunc)
    i.send                                   0x08001fd0   Section        0  socket.o(i.send)
    i.socket                                 0x080020f8   Section        0  socket.o(i.socket)
    i.spi_rb                                 0x08002200   Section        0  main.o(i.spi_rb)
    i.spi_wb                                 0x0800221c   Section        0  main.o(i.spi_wb)
    i.wiz_send_data                          0x08002234   Section        0  w5100.o(i.wiz_send_data)
    i.wizchip_bus_readdata                   0x08002304   Section        0  wizchip_conf.o(i.wizchip_bus_readdata)
    i.wizchip_bus_writedata                  0x08002308   Section        0  wizchip_conf.o(i.wizchip_bus_writedata)
    i.wizchip_cris_enter                     0x0800230c   Section        0  wizchip_conf.o(i.wizchip_cris_enter)
    i.wizchip_cris_exit                      0x0800230e   Section        0  wizchip_conf.o(i.wizchip_cris_exit)
    i.wizchip_cs_deselect                    0x08002310   Section        0  wizchip_conf.o(i.wizchip_cs_deselect)
    i.wizchip_cs_select                      0x08002312   Section        0  wizchip_conf.o(i.wizchip_cs_select)
    i.wizchip_init                           0x08002314   Section        0  wizchip_conf.o(i.wizchip_init)
    i.wizchip_setnetinfo                     0x080023ac   Section        0  wizchip_conf.o(i.wizchip_setnetinfo)
    i.wizchip_spi_readbyte                   0x080023fc   Section        0  wizchip_conf.o(i.wizchip_spi_readbyte)
    i.wizchip_spi_writebyte                  0x08002400   Section        0  wizchip_conf.o(i.wizchip_spi_writebyte)
    i.wizchip_sw_reset                       0x08002402   Section        0  wizchip_conf.o(i.wizchip_sw_reset)
    .constdata                               0x08002468   Section       16  system_stm32f4xx.o(.constdata)
    .constdata                               0x08002478   Section        8  system_stm32f4xx.o(.constdata)
    .constdata                               0x08002480   Section       23  main.o(.constdata)
    .conststring                             0x08002498   Section      512  main.o(.conststring)
    .data                                    0x20000000   Section        4  system_stm32f4xx.o(.data)
    .data                                    0x20000004   Section        4  stm32f4xx_hal.o(.data)
    .data                                    0x20000008   Section       18  socket.o(.data)
    sock_any_port                            0x20000008   Data           2  socket.o(.data)
    sock_io_mode                             0x2000000a   Data           2  socket.o(.data)
    sock_is_sending                          0x2000000c   Data           2  socket.o(.data)
    sock_remained_size                       0x20000012   Data           8  socket.o(.data)
    .data                                    0x2000001c   Section       48  wizchip_conf.o(.data)
    _DHCP_                                   0x2000001c   Data           1  wizchip_conf.o(.data)
    _DNS_                                    0x2000001d   Data           4  wizchip_conf.o(.data)
    .bss                                     0x2000004c   Section      152  main.o(.bss)
    STACK                                    0x200000e8   Section     1024  startup_stm32f411xe.o(STACK)

    Global Symbols

    Symbol Name                              Value     Ov Type        Size  Object(Section)

    BuildAttributes$$THM_ISAv4$E$P$D$K$B$S$7EM$VFPi3$EXTD16$VFPS$VFMA$PE$A:L22UL41UL21$X:L11$S22US41US21$IEEE1$IW$USESV6$~STKCKD$USESV7$~SHL$OSPACE$EBA8$MICROLIB$REQ8$PRES8$EABIv2 0x00000000   Number         0  anon$$obj.o ABSOLUTE
    __ARM_use_no_argv                        0x00000000   Number         0  main.o ABSOLUTE
    __cpp_initialize__aeabi_                  - Undefined Weak Reference
    __cxa_finalize                            - Undefined Weak Reference
    __decompress                              - Undefined Weak Reference
    _clock_init                               - Undefined Weak Reference
    _microlib_exit                            - Undefined Weak Reference
    __Vectors_Size                           0x00000198   Number         0  startup_stm32f411xe.o ABSOLUTE
    __Vectors                                0x08000000   Data           4  startup_stm32f411xe.o(RESET)
    __Vectors_End                            0x08000198   Data           0  startup_stm32f411xe.o(RESET)
    __main                                   0x08000199   Thumb Code     0  entry.o(.ARM.Collect$$$$00000000)
    _main_stk                                0x08000199   Thumb Code     0  entry2.o(.ARM.Collect$$$$00000001)
    _main_scatterload                        0x0800019d   Thumb Code     0  entry5.o(.ARM.Collect$$$$00000004)
    __main_after_scatterload                 0x080001a1   Thumb Code     0  entry5.o(.ARM.Collect$$$$00000004)
    _main_clock                              0x080001a1   Thumb Code     0  entry7b.o(.ARM.Collect$$$$00000008)
    _main_cpp_init                           0x080001a1   Thumb Code     0  entry8b.o(.ARM.Collect$$$$0000000A)
    _main_init                               0x080001a1   Thumb Code     0  entry9a.o(.ARM.Collect$$$$0000000B)
    __rt_final_cpp                           0x080001a9   Thumb Code     0  entry10a.o(.ARM.Collect$$$$0000000D)
    __rt_final_exit                          0x080001a9   Thumb Code     0  entry11a.o(.ARM.Collect$$$$0000000F)
    Reset_Handler                            0x080001ad   Thumb Code     8  startup_stm32f411xe.o(.text)
    NMI_Handler                              0x080001b5   Thumb Code     2  startup_stm32f411xe.o(.text)
    HardFault_Handler                        0x080001b7   Thumb Code     2  startup_stm32f411xe.o(.text)
    MemManage_Handler                        0x080001b9   Thumb Code     2  startup_stm32f411xe.o(.text)
    BusFault_Handler                         0x080001bb   Thumb Code     2  startup_stm32f411xe.o(.text)
    UsageFault_Handler                       0x080001bd   Thumb Code     2  startup_stm32f411xe.o(.text)
    SVC_Handler                              0x080001bf   Thumb Code     2  startup_stm32f411xe.o(.text)
    DebugMon_Handler                         0x080001c1   Thumb Code     2  startup_stm32f411xe.o(.text)
    PendSV_Handler                           0x080001c3   Thumb Code     2  startup_stm32f411xe.o(.text)
    ADC_IRQHandler                           0x080001c7   Thumb Code     0  startup_stm32f411xe.o(.text)
    DMA1_Stream0_IRQHandler                  0x080001c7   Thumb Code     0  startup_stm32f411xe.o(.text)
    DMA1_Stream1_IRQHandler                  0x080001c7   Thumb Code     0  startup_stm32f411xe.o(.text)
    DMA1_Stream2_IRQHandler                  0x080001c7   Thumb Code     0  startup_stm32f411xe.o(.text)
    DMA1_Stream3_IRQHandler                  0x080001c7   Thumb Code     0  startup_stm32f411xe.o(.text)
    DMA1_Stream4_IRQHandler                  0x080001c7   Thumb Code     0  startup_stm32f411xe.o(.text)
    DMA1_Stream5_IRQHandler                  0x080001c7   Thumb Code     0  startup_stm32f411xe.o(.text)
    DMA1_Stream6_IRQHandler                  0x080001c7   Thumb Code     0  startup_stm32f411xe.o(.text)
    DMA1_Stream7_IRQHandler                  0x080001c7   Thumb Code     0  startup_stm32f411xe.o(.text)
    DMA2_Stream0_IRQHandler                  0x080001c7   Thumb Code     0  startup_stm32f411xe.o(.text)
    DMA2_Stream1_IRQHandler                  0x080001c7   Thumb Code     0  startup_stm32f411xe.o(.text)
    DMA2_Stream2_IRQHandler                  0x080001c7   Thumb Code     0  startup_stm32f411xe.o(.text)
    DMA2_Stream3_IRQHandler                  0x080001c7   Thumb Code     0  startup_stm32f411xe.o(.text)
    DMA2_Stream4_IRQHandler                  0x080001c7   Thumb Code     0  startup_stm32f411xe.o(.text)
    DMA2_Stream5_IRQHandler                  0x080001c7   Thumb Code     0  startup_stm32f411xe.o(.text)
    DMA2_Stream6_IRQHandler                  0x080001c7   Thumb Code     0  startup_stm32f411xe.o(.text)
    DMA2_Stream7_IRQHandler                  0x080001c7   Thumb Code     0  startup_stm32f411xe.o(.text)
    EXTI0_IRQHandler                         0x080001c7   Thumb Code     0  startup_stm32f411xe.o(.text)
    EXTI15_10_IRQHandler                     0x080001c7   Thumb Code     0  startup_stm32f411xe.o(.text)
    EXTI1_IRQHandler                         0x080001c7   Thumb Code     0  startup_stm32f411xe.o(.text)
    EXTI2_IRQHandler                         0x080001c7   Thumb Code     0  startup_stm32f411xe.o(.text)
    EXTI3_IRQHandler                         0x080001c7   Thumb Code     0  startup_stm32f411xe.o(.text)
    EXTI4_IRQHandler                         0x080001c7   Thumb Code     0  startup_stm32f411xe.o(.text)
    EXTI9_5_IRQHandler                       0x080001c7   Thumb Code     0  startup_stm32f411xe.o(.text)
    FLASH_IRQHandler                         0x080001c7   Thumb Code     0  startup_stm32f411xe.o(.text)
    FPU_IRQHandler                           0x080001c7   Thumb Code     0  startup_stm32f411xe.o(.text)
    I2C1_ER_IRQHandler                       0x080001c7   Thumb Code     0  startup_stm32f411xe.o(.text)
    I2C1_EV_IRQHandler                       0x080001c7   Thumb Code     0  startup_stm32f411xe.o(.text)
    I2C2_ER_IRQHandler                       0x080001c7   Thumb Code     0  startup_stm32f411xe.o(.text)
    I2C2_EV_IRQHandler                       0x080001c7   Thumb Code     0  startup_stm32f411xe.o(.text)
    I2C3_ER_IRQHandler                       0x080001c7   Thumb Code     0  startup_stm32f411xe.o(.text)
    I2C3_EV_IRQHandler                       0x080001c7   Thumb Code     0  startup_stm32f411xe.o(.text)
    OTG_FS_IRQHandler                        0x080001c7   Thumb Code     0  startup_stm32f411xe.o(.text)
    OTG_FS_WKUP_IRQHandler                   0x080001c7   Thumb Code     0  startup_stm32f411xe.o(.text)
    PVD_IRQHandler                           0x080001c7   Thumb Code     0  startup_stm32f411xe.o(.text)
    RCC_IRQHandler                           0x080001c7   Thumb Code     0  startup_stm32f411xe.o(.text)
    RTC_Alarm_IRQHandler                     0x080001c7   Thumb Code     0  startup_stm32f411xe.o(.text)
    RTC_WKUP_IRQHandler                      0x080001c7   Thumb Code     0  startup_stm32f411xe.o(.text)
    SDIO_IRQHandler                          0x080001c7   Thumb Code     0  startup_stm32f411xe.o(.text)
    SPI1_IRQHandler                          0x080001c7   Thumb Code     0  startup_stm32f411xe.o(.text)
    SPI3_IRQHandler                          0x080001c7   Thumb Code     0  startup_stm32f411xe.o(.text)
    SPI4_IRQHandler                          0x080001c7   Thumb Code     0  startup_stm32f411xe.o(.text)
    SPI5_IRQHandler                          0x080001c7   Thumb Code     0  startup_stm32f411xe.o(.text)
    TAMP_STAMP_IRQHandler                    0x080001c7   Thumb Code     0  startup_stm32f411xe.o(.text)
    TIM1_BRK_TIM9_IRQHandler                 0x080001c7   Thumb Code     0  startup_stm32f411xe.o(.text)
    TIM1_CC_IRQHandler                       0x080001c7   Thumb Code     0  startup_stm32f411xe.o(.text)
    TIM1_TRG_COM_TIM11_IRQHandler            0x080001c7   Thumb Code     0  startup_stm32f411xe.o(.text)
    TIM1_UP_TIM10_IRQHandler                 0x080001c7   Thumb Code     0  startup_stm32f411xe.o(.text)
    TIM2_IRQHandler                          0x080001c7   Thumb Code     0  startup_stm32f411xe.o(.text)
    TIM3_IRQHandler                          0x080001c7   Thumb Code     0  startup_stm32f411xe.o(.text)
    TIM4_IRQHandler                          0x080001c7   Thumb Code     0  startup_stm32f411xe.o(.text)
    TIM5_IRQHandler                          0x080001c7   Thumb Code     0  startup_stm32f411xe.o(.text)
    USART1_IRQHandler                        0x080001c7   Thumb Code     0  startup_stm32f411xe.o(.text)
    USART2_IRQHandler                        0x080001c7   Thumb Code     0  startup_stm32f411xe.o(.text)
    WWDG_IRQHandler                          0x080001c7   Thumb Code     0  startup_stm32f411xe.o(.text)
    __aeabi_memcpy                           0x080001d1   Thumb Code    36  memcpya.o(.text)
    __aeabi_memcpy4                          0x080001d1   Thumb Code     0  memcpya.o(.text)
    __aeabi_memcpy8                          0x080001d1   Thumb Code     0  memcpya.o(.text)
    __scatterload                            0x080001f5   Thumb Code    28  init.o(.text)
    __scatterload_rt2                        0x080001f5   Thumb Code     0  init.o(.text)
    HAL_DMA_Abort_IT                         0x08000219   Thumb Code    36  stm32f4xx_hal_dma.o(i.HAL_DMA_Abort_IT)
    HAL_Delay                                0x0800023d   Thumb Code    28  stm32f4xx_hal.o(i.HAL_Delay)
    HAL_GPIO_Init                            0x08000259   Thumb Code   358  stm32f4xx_hal_gpio.o(i.HAL_GPIO_Init)
    HAL_GPIO_WritePin                        0x080003e1   Thumb Code    10  stm32f4xx_hal_gpio.o(i.HAL_GPIO_WritePin)
    HAL_GetTick                              0x080003ed   Thumb Code     6  stm32f4xx_hal.o(i.HAL_GetTick)
    HAL_IncTick                              0x080003f9   Thumb Code    10  stm32f4xx_hal.o(i.HAL_IncTick)
    HAL_Init                                 0x08000409   Thumb Code    48  stm32f4xx_hal.o(i.HAL_Init)
    HAL_InitTick                             0x0800043d   Thumb Code    34  stm32f4xx_hal.o(i.HAL_InitTick)
    HAL_MspInit                              0x08000465   Thumb Code    88  stm32f4xx_hal_msp.o(i.HAL_MspInit)
    HAL_NVIC_EnableIRQ                       0x080004bd   Thumb Code    22  stm32f4xx_hal_cortex.o(i.HAL_NVIC_EnableIRQ)
    HAL_NVIC_SetPriority                     0x080004d5   Thumb Code    60  stm32f4xx_hal_cortex.o(i.HAL_NVIC_SetPriority)
    HAL_NVIC_SetPriorityGrouping             0x08000515   Thumb Code    26  stm32f4xx_hal_cortex.o(i.HAL_NVIC_SetPriorityGrouping)
    HAL_RCC_ClockConfig                      0x08000539   Thumb Code   364  stm32f4xx_hal_rcc.o(i.HAL_RCC_ClockConfig)
    HAL_RCC_GetHCLKFreq                      0x080006b5   Thumb Code     6  stm32f4xx_hal_rcc.o(i.HAL_RCC_GetHCLKFreq)
    HAL_RCC_GetPCLK1Freq                     0x080006c1   Thumb Code    34  stm32f4xx_hal_rcc.o(i.HAL_RCC_GetPCLK1Freq)
    HAL_RCC_GetPCLK2Freq                     0x080006f1   Thumb Code    34  stm32f4xx_hal_rcc.o(i.HAL_RCC_GetPCLK2Freq)
    HAL_RCC_GetSysClockFreq                  0x08000721   Thumb Code   104  stm32f4xx_hal_rcc.o(i.HAL_RCC_GetSysClockFreq)
    HAL_RCC_OscConfig                        0x08000791   Thumb Code   770  stm32f4xx_hal_rcc.o(i.HAL_RCC_OscConfig)
    HAL_SPI_ErrorCallback                    0x08000aa5   Thumb Code     2  stm32f4xx_hal_spi.o(i.HAL_SPI_ErrorCallback)
    HAL_SPI_IRQHandler                       0x08000aa9   Thumb Code   208  stm32f4xx_hal_spi.o(i.HAL_SPI_IRQHandler)
    HAL_SPI_Init                             0x08000b7d   Thumb Code   128  stm32f4xx_hal_spi.o(i.HAL_SPI_Init)
    HAL_SPI_MspInit                          0x08000bfd   Thumb Code    98  stm32f4xx_hal_msp.o(i.HAL_SPI_MspInit)
    HAL_SPI_Receive                          0x08000c71   Thumb Code   336  stm32f4xx_hal_spi.o(i.HAL_SPI_Receive)
    HAL_SPI_Transmit                         0x08000dc1   Thumb Code   360  stm32f4xx_hal_spi.o(i.HAL_SPI_Transmit)
    HAL_SPI_TransmitReceive                  0x08000f29   Thumb Code   472  stm32f4xx_hal_spi.o(i.HAL_SPI_TransmitReceive)
    HAL_SYSTICK_CLKSourceConfig              0x08001101   Thumb Code    24  stm32f4xx_hal_cortex.o(i.HAL_SYSTICK_CLKSourceConfig)
    HAL_SYSTICK_Callback                     0x08001119   Thumb Code     2  stm32f4xx_hal_cortex.o(i.HAL_SYSTICK_Callback)
    HAL_SYSTICK_Config                       0x0800111b   Thumb Code    40  stm32f4xx_hal_cortex.o(i.HAL_SYSTICK_Config)
    HAL_SYSTICK_IRQHandler                   0x08001143   Thumb Code     8  stm32f4xx_hal_cortex.o(i.HAL_SYSTICK_IRQHandler)
    HAL_UART_ErrorCallback                   0x0800114b   Thumb Code     2  stm32f4xx_hal_uart.o(i.HAL_UART_ErrorCallback)
    HAL_UART_IRQHandler                      0x0800114d   Thumb Code   266  stm32f4xx_hal_uart.o(i.HAL_UART_IRQHandler)
    HAL_UART_Init                            0x0800125d   Thumb Code    98  stm32f4xx_hal_uart.o(i.HAL_UART_Init)
    HAL_UART_MspInit                         0x080012c1   Thumb Code    78  stm32f4xx_hal_msp.o(i.HAL_UART_MspInit)
    HAL_UART_RxCpltCallback                  0x0800131d   Thumb Code     2  stm32f4xx_hal_uart.o(i.HAL_UART_RxCpltCallback)
    HAL_UART_TxCpltCallback                  0x0800131f   Thumb Code     2  stm32f4xx_hal_uart.o(i.HAL_UART_TxCpltCallback)
    SPI2_IRQHandler                          0x0800144d   Thumb Code     6  stm32f4xx_it.o(i.SPI2_IRQHandler)
    SysTick_Handler                          0x0800151f   Thumb Code    14  stm32f4xx_it.o(i.SysTick_Handler)
    SystemClock_Config                       0x0800152d   Thumb Code   146  main.o(i.SystemClock_Config)
    SystemInit                               0x080015c9   Thumb Code    66  system_stm32f4xx.o(i.SystemInit)
    USART6_IRQHandler                        0x080019e5   Thumb Code     6  stm32f4xx_it.o(i.USART6_IRQHandler)
    WIZCHIP_READ                             0x080019f1   Thumb Code    52  w5100.o(i.WIZCHIP_READ)
    WIZCHIP_READ_BUF                         0x08001a29   Thumb Code    84  w5100.o(i.WIZCHIP_READ_BUF)
    WIZCHIP_WRITE                            0x08001a81   Thumb Code    54  w5100.o(i.WIZCHIP_WRITE)
    WIZCHIP_WRITE_BUF                        0x08001abd   Thumb Code    84  w5100.o(i.WIZCHIP_WRITE_BUF)
    __scatterload_copy                       0x08001b15   Thumb Code    14  handlers.o(i.__scatterload_copy)
    __scatterload_null                       0x08001b23   Thumb Code     2  handlers.o(i.__scatterload_null)
    __scatterload_zeroinit                   0x08001b25   Thumb Code    14  handlers.o(i.__scatterload_zeroinit)
    close                                    0x08001b35   Thumb Code   106  socket.o(i.close)
    cs_desel                                 0x08001ba5   Thumb Code    10  main.o(i.cs_desel)
    cs_sel                                   0x08001bb5   Thumb Code    10  main.o(i.cs_sel)
    disconnect                               0x08001bc5   Thumb Code   138  socket.o(i.disconnect)
    getSn_RX_RSR                             0x08001c55   Thumb Code    74  w5100.o(i.getSn_RX_RSR)
    getSn_TX_FSR                             0x08001c9f   Thumb Code    74  w5100.o(i.getSn_TX_FSR)
    getSn_TxBASE                             0x08001ce9   Thumb Code    60  w5100.o(i.getSn_TxBASE)
    getsockopt                               0x08001d25   Thumb Code   234  socket.o(i.getsockopt)
    listen                                   0x08001e15   Thumb Code   116  socket.o(i.listen)
    main                                     0x08001e89   Thumb Code   210  main.o(i.main)
    reg_wizchip_cs_cbfunc                    0x08001f81   Thumb Code    22  wizchip_conf.o(i.reg_wizchip_cs_cbfunc)
    reg_wizchip_spi_cbfunc                   0x08001fa5   Thumb Code    30  wizchip_conf.o(i.reg_wizchip_spi_cbfunc)
    send                                     0x08001fd1   Thumb Code   292  socket.o(i.send)
    socket                                   0x080020f9   Thumb Code   260  socket.o(i.socket)
    spi_rb                                   0x08002201   Thumb Code    22  main.o(i.spi_rb)
    spi_wb                                   0x0800221d   Thumb Code    18  main.o(i.spi_wb)
    wiz_send_data                            0x08002235   Thumb Code   208  w5100.o(i.wiz_send_data)
    wizchip_bus_readdata                     0x08002305   Thumb Code     4  wizchip_conf.o(i.wizchip_bus_readdata)
    wizchip_bus_writedata                    0x08002309   Thumb Code     4  wizchip_conf.o(i.wizchip_bus_writedata)
    wizchip_cris_enter                       0x0800230d   Thumb Code     2  wizchip_conf.o(i.wizchip_cris_enter)
    wizchip_cris_exit                        0x0800230f   Thumb Code     2  wizchip_conf.o(i.wizchip_cris_exit)
    wizchip_cs_deselect                      0x08002311   Thumb Code     2  wizchip_conf.o(i.wizchip_cs_deselect)
    wizchip_cs_select                        0x08002313   Thumb Code     2  wizchip_conf.o(i.wizchip_cs_select)
    wizchip_init                             0x08002315   Thumb Code   152  wizchip_conf.o(i.wizchip_init)
    wizchip_setnetinfo                       0x080023ad   Thumb Code    76  wizchip_conf.o(i.wizchip_setnetinfo)
    wizchip_spi_readbyte                     0x080023fd   Thumb Code     4  wizchip_conf.o(i.wizchip_spi_readbyte)
    wizchip_spi_writebyte                    0x08002401   Thumb Code     2  wizchip_conf.o(i.wizchip_spi_writebyte)
    wizchip_sw_reset                         0x08002403   Thumb Code   102  wizchip_conf.o(i.wizchip_sw_reset)
    AHBPrescTable                            0x08002468   Data          16  system_stm32f4xx.o(.constdata)
    APBPrescTable                            0x08002478   Data           8  system_stm32f4xx.o(.constdata)
    Region$$Table$$Base                      0x08002698   Number         0  anon$$obj.o(Region$$Table)
    Region$$Table$$Limit                     0x080026b8   Number         0  anon$$obj.o(Region$$Table)
    SystemCoreClock                          0x20000000   Data           4  system_stm32f4xx.o(.data)
    uwTick                                   0x20000004   Data           4  stm32f4xx_hal.o(.data)
    sock_pack_info                           0x2000000e   Data           4  socket.o(.data)
    WIZCHIP                                  0x20000024   Data          40  wizchip_conf.o(.data)
    hspi2                                    0x2000004c   Data          88  main.o(.bss)
    huart6                                   0x200000a4   Data          64  main.o(.bss)
    __initial_sp                             0x200004e8   Data           0  startup_stm32f411xe.o(STACK)



==============================================================================

Memory Map of the image

  Image Entry point : 0x08000199

  Load Region LR_IROM1 (Base: 0x08000000, Size: 0x00002704, Max: 0x00080000, ABSOLUTE)

    Execution Region ER_IROM1 (Base: 0x08000000, Size: 0x000026b8, Max: 0x00080000, ABSOLUTE)

    Base Addr    Size         Type   Attr      Idx    E Section Name        Object

    0x08000000   0x00000198   Data   RO            3    RESET               startup_stm32f411xe.o
    0x08000198   0x00000000   Code   RO         2491  * .ARM.Collect$$$$00000000  mc_w.l(entry.o)
    0x08000198   0x00000004   Code   RO         2498    .ARM.Collect$$$$00000001  mc_w.l(entry2.o)
    0x0800019c   0x00000004   Code   RO         2501    .ARM.Collect$$$$00000004  mc_w.l(entry5.o)
    0x080001a0   0x00000000   Code   RO         2503    .ARM.Collect$$$$00000008  mc_w.l(entry7b.o)
    0x080001a0   0x00000000   Code   RO         2505    .ARM.Collect$$$$0000000A  mc_w.l(entry8b.o)
    0x080001a0   0x00000008   Code   RO         2506    .ARM.Collect$$$$0000000B  mc_w.l(entry9a.o)
    0x080001a8   0x00000000   Code   RO         2508    .ARM.Collect$$$$0000000D  mc_w.l(entry10a.o)
    0x080001a8   0x00000000   Code   RO         2510    .ARM.Collect$$$$0000000F  mc_w.l(entry11a.o)
    0x080001a8   0x00000004   Code   RO         2499    .ARM.Collect$$$$00002712  mc_w.l(entry2.o)
    0x080001ac   0x00000024   Code   RO            4    .text               startup_stm32f411xe.o
    0x080001d0   0x00000024   Code   RO         2494    .text               mc_w.l(memcpya.o)
    0x080001f4   0x00000024   Code   RO         2512    .text               mc_w.l(init.o)
    0x08000218   0x00000024   Code   RO          807    i.HAL_DMA_Abort_IT  stm32f4xx_hal_dma.o
    0x0800023c   0x0000001c   Code   RO         1945    i.HAL_Delay         stm32f4xx_hal.o
    0x08000258   0x00000188   Code   RO          322    i.HAL_GPIO_Init     stm32f4xx_hal_gpio.o
    0x080003e0   0x0000000a   Code   RO          326    i.HAL_GPIO_WritePin  stm32f4xx_hal_gpio.o
    0x080003ea   0x00000002   PAD
    0x080003ec   0x0000000c   Code   RO         1951    i.HAL_GetTick       stm32f4xx_hal.o
    0x080003f8   0x00000010   Code   RO         1953    i.HAL_IncTick       stm32f4xx_hal.o
    0x08000408   0x00000034   Code   RO         1954    i.HAL_Init          stm32f4xx_hal.o
    0x0800043c   0x00000028   Code   RO         1955    i.HAL_InitTick      stm32f4xx_hal.o
    0x08000464   0x00000058   Code   RO          138    i.HAL_MspInit       stm32f4xx_hal_msp.o
    0x080004bc   0x00000016   Code   RO          914    i.HAL_NVIC_EnableIRQ  stm32f4xx_hal_cortex.o
    0x080004d2   0x00000002   PAD
    0x080004d4   0x00000040   Code   RO          920    i.HAL_NVIC_SetPriority  stm32f4xx_hal_cortex.o
    0x08000514   0x00000024   Code   RO          921    i.HAL_NVIC_SetPriorityGrouping  stm32f4xx_hal_cortex.o
    0x08000538   0x0000017c   Code   RO         1134    i.HAL_RCC_ClockConfig  stm32f4xx_hal_rcc.o
    0x080006b4   0x0000000c   Code   RO         1139    i.HAL_RCC_GetHCLKFreq  stm32f4xx_hal_rcc.o
    0x080006c0   0x00000030   Code   RO         1141    i.HAL_RCC_GetPCLK1Freq  stm32f4xx_hal_rcc.o
    0x080006f0   0x00000030   Code   RO         1142    i.HAL_RCC_GetPCLK2Freq  stm32f4xx_hal_rcc.o
    0x08000720   0x00000070   Code   RO         1143    i.HAL_RCC_GetSysClockFreq  stm32f4xx_hal_rcc.o
    0x08000790   0x00000314   Code   RO         1146    i.HAL_RCC_OscConfig  stm32f4xx_hal_rcc.o
    0x08000aa4   0x00000002   Code   RO         1610    i.HAL_SPI_ErrorCallback  stm32f4xx_hal_spi.o
    0x08000aa6   0x00000002   PAD
    0x08000aa8   0x000000d4   Code   RO         1613    i.HAL_SPI_IRQHandler  stm32f4xx_hal_spi.o
    0x08000b7c   0x00000080   Code   RO         1614    i.HAL_SPI_Init      stm32f4xx_hal_spi.o
    0x08000bfc   0x00000074   Code   RO          140    i.HAL_SPI_MspInit   stm32f4xx_hal_msp.o
    0x08000c70   0x00000150   Code   RO         1617    i.HAL_SPI_Receive   stm32f4xx_hal_spi.o
    0x08000dc0   0x00000168   Code   RO         1622    i.HAL_SPI_Transmit  stm32f4xx_hal_spi.o
    0x08000f28   0x000001d8   Code   RO         1623    i.HAL_SPI_TransmitReceive  stm32f4xx_hal_spi.o
    0x08001100   0x00000018   Code   RO          923    i.HAL_SYSTICK_CLKSourceConfig  stm32f4xx_hal_cortex.o
    0x08001118   0x00000002   Code   RO          924    i.HAL_SYSTICK_Callback  stm32f4xx_hal_cortex.o
    0x0800111a   0x00000028   Code   RO          925    i.HAL_SYSTICK_Config  stm32f4xx_hal_cortex.o
    0x08001142   0x00000008   Code   RO          926    i.HAL_SYSTICK_IRQHandler  stm32f4xx_hal_cortex.o
    0x0800114a   0x00000002   Code   RO         1256    i.HAL_UART_ErrorCallback  stm32f4xx_hal_uart.o
    0x0800114c   0x00000110   Code   RO         1259    i.HAL_UART_IRQHandler  stm32f4xx_hal_uart.o
    0x0800125c   0x00000062   Code   RO         1260    i.HAL_UART_Init     stm32f4xx_hal_uart.o
    0x080012be   0x00000002   PAD
    0x080012c0   0x0000005c   Code   RO          142    i.HAL_UART_MspInit  stm32f4xx_hal_msp.o
    0x0800131c   0x00000002   Code   RO         1266    i.HAL_UART_RxCpltCallback  stm32f4xx_hal_uart.o
    0x0800131e   0x00000002   Code   RO         1271    i.HAL_UART_TxCpltCallback  stm32f4xx_hal_uart.o
    0x08001320   0x000000cc   Code   RO          230    i.MX_GPIO_Init      main.o
    0x080013ec   0x00000040   Code   RO          231    i.MX_SPI2_Init      main.o
    0x0800142c   0x00000020   Code   RO          927    i.NVIC_SetPriority  stm32f4xx_hal_cortex.o
    0x0800144c   0x0000000c   Code   RO          190    i.SPI2_IRQHandler   stm32f4xx_it.o
    0x08001458   0x00000020   Code   RO         1638    i.SPI_CheckFlag_BSY  stm32f4xx_hal_spi.o
    0x08001478   0x00000010   Code   RO         1642    i.SPI_DMAAbortOnError  stm32f4xx_hal_spi.o
    0x08001488   0x00000096   Code   RO         1656    i.SPI_WaitFlagStateUntilTimeout  stm32f4xx_hal_spi.o
    0x0800151e   0x0000000e   Code   RO          191    i.SysTick_Handler   stm32f4xx_it.o
    0x0800152c   0x0000009c   Code   RO          232    i.SystemClock_Config  main.o
    0x080015c8   0x00000054   Code   RO           14    i.SystemInit        system_stm32f4xx.o
    0x0800161c   0x00000010   Code   RO         1273    i.UART_DMAAbortOnError  stm32f4xx_hal_uart.o
    0x0800162c   0x0000001c   Code   RO         1283    i.UART_EndRxTransfer  stm32f4xx_hal_uart.o
    0x08001648   0x0000008c   Code   RO         1285    i.UART_Receive_IT   stm32f4xx_hal_uart.o
    0x080016d4   0x000002ac   Code   RO         1286    i.UART_SetConfig    stm32f4xx_hal_uart.o
    0x08001980   0x00000062   Code   RO         1287    i.UART_Transmit_IT  stm32f4xx_hal_uart.o
    0x080019e2   0x00000002   PAD
    0x080019e4   0x0000000c   Code   RO          192    i.USART6_IRQHandler  stm32f4xx_it.o
    0x080019f0   0x00000038   Code   RO         2367    i.WIZCHIP_READ      w5100.o
    0x08001a28   0x00000058   Code   RO         2368    i.WIZCHIP_READ_BUF  w5100.o
    0x08001a80   0x0000003c   Code   RO         2369    i.WIZCHIP_WRITE     w5100.o
    0x08001abc   0x00000058   Code   RO         2370    i.WIZCHIP_WRITE_BUF  w5100.o
    0x08001b14   0x0000000e   Code   RO         2516    i.__scatterload_copy  mc_w.l(handlers.o)
    0x08001b22   0x00000002   Code   RO         2517    i.__scatterload_null  mc_w.l(handlers.o)
    0x08001b24   0x0000000e   Code   RO         2518    i.__scatterload_zeroinit  mc_w.l(handlers.o)
    0x08001b32   0x00000002   PAD
    0x08001b34   0x00000070   Code   RO         2088    i.close             socket.o
    0x08001ba4   0x00000010   Code   RO          234    i.cs_desel          main.o
    0x08001bb4   0x00000010   Code   RO          235    i.cs_sel            main.o
    0x08001bc4   0x00000090   Code   RO         2091    i.disconnect        socket.o
    0x08001c54   0x0000004a   Code   RO         2371    i.getSn_RX_RSR      w5100.o
    0x08001c9e   0x0000004a   Code   RO         2373    i.getSn_TX_FSR      w5100.o
    0x08001ce8   0x0000003c   Code   RO         2374    i.getSn_TxBASE      w5100.o
    0x08001d24   0x000000f0   Code   RO         2092    i.getsockopt        socket.o
    0x08001e14   0x00000074   Code   RO         2093    i.listen            socket.o
    0x08001e88   0x000000f8   Code   RO          236    i.main              main.o
    0x08001f80   0x00000024   Code   RO         2183    i.reg_wizchip_cs_cbfunc  wizchip_conf.o
    0x08001fa4   0x0000002c   Code   RO         2184    i.reg_wizchip_spi_cbfunc  wizchip_conf.o
    0x08001fd0   0x00000128   Code   RO         2096    i.send              socket.o
    0x080020f8   0x00000108   Code   RO         2099    i.socket            socket.o
    0x08002200   0x0000001c   Code   RO          237    i.spi_rb            main.o
    0x0800221c   0x00000018   Code   RO          238    i.spi_wb            main.o
    0x08002234   0x000000d0   Code   RO         2377    i.wiz_send_data     w5100.o
    0x08002304   0x00000004   Code   RO         2186    i.wizchip_bus_readdata  wizchip_conf.o
    0x08002308   0x00000004   Code   RO         2187    i.wizchip_bus_writedata  wizchip_conf.o
    0x0800230c   0x00000002   Code   RO         2189    i.wizchip_cris_enter  wizchip_conf.o
    0x0800230e   0x00000002   Code   RO         2190    i.wizchip_cris_exit  wizchip_conf.o
    0x08002310   0x00000002   Code   RO         2191    i.wizchip_cs_deselect  wizchip_conf.o
    0x08002312   0x00000002   Code   RO         2192    i.wizchip_cs_select  wizchip_conf.o
    0x08002314   0x00000098   Code   RO         2198    i.wizchip_init      wizchip_conf.o
    0x080023ac   0x00000050   Code   RO         2200    i.wizchip_setnetinfo  wizchip_conf.o
    0x080023fc   0x00000004   Code   RO         2204    i.wizchip_spi_readbyte  wizchip_conf.o
    0x08002400   0x00000002   Code   RO         2206    i.wizchip_spi_writebyte  wizchip_conf.o
    0x08002402   0x00000066   Code   RO         2207    i.wizchip_sw_reset  wizchip_conf.o
    0x08002468   0x00000010   Data   RO           15    .constdata          system_stm32f4xx.o
    0x08002478   0x00000008   Data   RO           16    .constdata          system_stm32f4xx.o
    0x08002480   0x00000017   Data   RO          241    .constdata          main.o
    0x08002497   0x00000001   PAD
    0x08002498   0x00000200   Data   RO          242    .conststring        main.o
    0x08002698   0x00000020   Data   RO         2514    Region$$Table       anon$$obj.o


    Execution Region RW_IRAM1 (Base: 0x20000000, Size: 0x000004e8, Max: 0x00020000, ABSOLUTE)

    Base Addr    Size         Type   Attr      Idx    E Section Name        Object

    0x20000000   0x00000004   Data   RW           17    .data               system_stm32f4xx.o
    0x20000004   0x00000004   Data   RW         1960    .data               stm32f4xx_hal.o
    0x20000008   0x00000012   Data   RW         2100    .data               socket.o
    0x2000001a   0x00000002   PAD
    0x2000001c   0x00000030   Data   RW         2209    .data               wizchip_conf.o
    0x2000004c   0x00000098   Zero   RW          239    .bss                main.o
    0x200000e4   0x00000004   PAD
    0x200000e8   0x00000400   Zero   RW            1    STACK               startup_stm32f411xe.o


==============================================================================

Image component sizes


      Code (inc. data)   RO Data    RW Data    ZI Data      Debug   Object Name

       756         96        535          0        152       9336   main.o
      1172         44          0         18          0       7824   socket.o
        36          8        408          0       1024        828   startup_stm32f411xe.o
       148         22          0          4          0       4379   stm32f4xx_hal.o
       228         14          0          0          0      32109   stm32f4xx_hal_cortex.o
        36          0          0          0          0       1203   stm32f4xx_hal_dma.o
       402         34          0          0          0       2384   stm32f4xx_hal_gpio.o
       296         32          0          0          0       2175   stm32f4xx_hal_msp.o
      1388         76          0          0          0       5620   stm32f4xx_hal_rcc.o
      1708          4          0          0          0       9111   stm32f4xx_hal_spi.o
      1342         14          0          0          0       7371   stm32f4xx_hal_uart.o
        38         12          0          0          0       1388   stm32f4xx_it.o
        84         18         24          4          0     385839   system_stm32f4xx.o
       708         18          0          0          0       6131   w5100.o
       436         32          0         48          0      11789   wizchip_conf.o

    ----------------------------------------------------------------------
      8788        424       1000         76       1180     487487   Object Totals
         0          0         32          0          0          0   (incl. Generated)
        10          0          1          2          4          0   (incl. Padding)

    ----------------------------------------------------------------------

      Code (inc. data)   RO Data    RW Data    ZI Data      Debug   Library Member Name

         0          0          0          0          0          0   entry.o
         0          0          0          0          0          0   entry10a.o
         0          0          0          0          0          0   entry11a.o
         8          4          0          0          0          0   entry2.o
         4          0          0          0          0          0   entry5.o
         0          0          0          0          0          0   entry7b.o
         0          0          0          0          0          0   entry8b.o
         8          4          0          0          0          0   entry9a.o
        30          0          0          0          0          0   handlers.o
        36          8          0          0          0         68   init.o
        36          0          0          0          0         68   memcpya.o

    ----------------------------------------------------------------------
       124         16          0          0          0        136   Library Totals
         2          0          0          0          0          0   (incl. Padding)

    ----------------------------------------------------------------------

      Code (inc. data)   RO Data    RW Data    ZI Data      Debug   Library Name

       122         16          0          0          0        136   mc_w.l

    ----------------------------------------------------------------------
       124         16          0          0          0        136   Library Totals

    ----------------------------------------------------------------------

==============================================================================


      Code (inc. data)   RO Data    RW Data    ZI Data      Debug   

      8912        440       1000         76       1180     480227   Grand Totals
      8912        440       1000         76       1180     480227   ELF Image Totals
      8912        440       1000         76          0          0   ROM Totals

==============================================================================

    Total RO  Size (Code + RO Data)                 9912 (   9.68kB)
    Total RW  Size (RW Data + ZI Data)              1256 (   1.23kB)
    Total ROM Size (Code + RO Data + RW Data)       9988 (   9.75kB)

==============================================================================

